Info: constrained 'clk_48mhz' to bel 'X12/Y31/io1'
Info: constrained 'reset_n' to bel 'X8/Y31/io1'
Info: constrained 'uart_rx_pin' to bel 'X13/Y31/io1'
Info: constrained 'activity_pin' to bel 'X16/Y31/io0'

Info: Packing constants..
Info: Packing IOs..
Info: Packing LUT-FFs..
Info:      280 LCs used as LUT4 only
Info:       35 LCs used as LUT4 and DFF
Info: Packing non-LUT FFs..
Info:      184 LCs used as DFF only
Info: Packing carries..
Info:       64 LCs used as CARRY only
Info: Packing indirect carry+LUT pairs...
Info:        0 LUTs merged into carry LCs
Info: Packing RAMs..
Info: Placing PLLs..
Info: Packing special functions..
Info: Packing PLLs..
Info: Promoting globals..
Info: promoting clk_48mhz$SB_IO_IN (fanout 219)
Info: promoting reset_n_SB_LUT4_I0_O[0] [reset] (fanout 214)
Info: Constraining chains...
Info:        5 LCs used to legalise carry chains.
Info: Checksum: 0xe069624e

Info: Device utilisation:
Info: 	         ICESTORM_LC:     570/   5280    10%
Info: 	        ICESTORM_RAM:       0/     30     0%
Info: 	               SB_IO:       4/     39    10%
Info: 	               SB_GB:       2/      8    25%
Info: 	        ICESTORM_PLL:       0/      1     0%
Info: 	         SB_WARMBOOT:       0/      1     0%
Info: 	        ICESTORM_DSP:       0/      8     0%
Info: 	      ICESTORM_HFOSC:       0/      1     0%
Info: 	      ICESTORM_LFOSC:       0/      1     0%
Info: 	              SB_I2C:       0/      2     0%
Info: 	              SB_SPI:       0/      2     0%
Info: 	              IO_I3C:       0/      2     0%
Info: 	         SB_LEDDA_IP:       0/      1     0%
Info: 	         SB_RGBA_DRV:       0/      1     0%
Info: 	      ICESTORM_SPRAM:       0/      4     0%

Info: Placed 4 cells based on constraints.
Info: Creating initial analytic placement for 493 cells, random placement wirelen = 12779.
Info:     at initial placer iter 0, wirelen = 113
Info:     at initial placer iter 1, wirelen = 64
Info:     at initial placer iter 2, wirelen = 132
Info:     at initial placer iter 3, wirelen = 77
Info: Running main analytical placer, max placement attempts per cell = 41472.
Info:     at iteration #1, type ALL: wirelen solved = 132, spread = 1379, legal = 1450; time = 0.08s
Info:     at iteration #2, type ALL: wirelen solved = 289, spread = 1403, legal = 1593; time = 0.06s
Info:     at iteration #3, type ALL: wirelen solved = 200, spread = 1641, legal = 1830; time = 0.07s
Info:     at iteration #4, type ALL: wirelen solved = 339, spread = 1362, legal = 1565; time = 0.08s
Info:     at iteration #5, type ALL: wirelen solved = 259, spread = 1366, legal = 1570; time = 0.08s
Info:     at iteration #6, type ALL: wirelen solved = 333, spread = 1364, legal = 1688; time = 0.06s
Info: HeAP Placer Time: 0.81s
Info:   of which solving equations: 0.68s
Info:   of which spreading cells: 0.04s
Info:   of which strict legalisation: 0.02s

Info: Running simulated annealing placer for refinement.
Info:   at iteration #1: temp = 0.000000, timing cost = 284, wirelen = 1450
Info:   at iteration #5: temp = 0.000000, timing cost = 352, wirelen = 1203
Info:   at iteration #10: temp = 0.000000, timing cost = 338, wirelen = 1131
Info:   at iteration #15: temp = 0.000000, timing cost = 330, wirelen = 1106
Info:   at iteration #20: temp = 0.000000, timing cost = 314, wirelen = 1061
Info:   at iteration #23: temp = 0.000000, timing cost = 312, wirelen = 1050 
Info: SA placement time 2.40s

Info: Max frequency for clock 'clk_48mhz$SB_IO_IN_$glb_clk': 36.64 MHz (FAIL at 48.00 MHz)

Info: Max delay <async>                             -> posedge clk_48mhz$SB_IO_IN_$glb_clk: 15.14 ns
Info: Max delay posedge clk_48mhz$SB_IO_IN_$glb_clk -> <async>                            : 17.98 ns

Info: Slack histogram:
Info:  legend: * represents 1 endpoint(s)
Info:          + represents [1,1) endpoint(s)
Info: [ -6457,  -5254) |******************+
Info: [ -5254,  -4051) | 
Info: [ -4051,  -2848) |*************************+
Info: [ -2848,  -1645) |********************+
Info: [ -1645,   -442) |*********************+
Info: [  -442,    761) |*+
Info: [   761,   1964) |******************+
Info: [  1964,   3167) |*******+
Info: [  3167,   4370) |****+
Info: [  4370,   5573) |**+
Info: [  5573,   6776) |**+
Info: [  6776,   7979) |*******+
Info: [  7979,   9182) |***+
Info: [  9182,  10385) |***********+
Info: [ 10385,  11588) |*+
Info: [ 11588,  12791) |******************+
Info: [ 12791,  13994) |*****+
Info: [ 13994,  15197) |*******************+
Info: [ 15197,  16400) |************************************************************ 
Info: [ 16400,  17603) |*********************************+
Info: Checksum: 0x4e60ddb9

Info: Routing..
Info: Setting up routing queue.
Info: Routing 1314 arcs.
Info:            |   (re-)routed arcs  |   delta    | remaining|       time spent     |
Info:    IterCnt |  w/ripup   wo/ripup |  w/r  wo/r |      arcs| batch(sec) total(sec)|
Info:       1000 |      234        701 |  234   701 |       561|       1.06       1.06|
Info:       1701 |      346       1288 |  112   587 |         0|       0.28       1.34|
Info: Routing complete.
Info: Router1 time 1.34s
Info: Checksum: 0xca8fcb51

Info: Critical path report for clock 'clk_48mhz$SB_IO_IN_$glb_clk' (posedge -> posedge):
Info:       type curr  total name
Info:   clk-to-q  1.39  1.39 Source core.bbo.best_bid_SB_DFFESR_Q_12_DFFLC.O
Info:    routing  1.76  3.15 Net best_bid[0] (16,24) -> (15,24)
Info:                          Sink core.bbo.best_bid_SB_LUT4_I0_O_SB_LUT4_O_30_LC.I0
Info:                          Defined in:
Info:                               rtl/market_data_core.v:11.24-11.32
Info:      logic  1.28  4.43 Source core.bbo.best_bid_SB_LUT4_I0_O_SB_LUT4_O_30_LC.O
Info:    routing  1.76  6.20 Net core.bbo.best_bid_SB_LUT4_I0_O[0] (15,24) -> (14,23)
Info:                          Sink core.bbo.bid_valid_SB_LUT4_I2_I3_SB_LUT4_O_I3_SB_CARRY_CO_CI_SB_CARRY_CO_10$CARRY.I2
Info:                          Defined in:
Info:                               rtl/candidate_bbo.v:42.39-42.63
Info:                               C:\Users\jacob\AppData\Local\icebbo-toolchain\oss-cad-suite\bin\../share/yosys/ice40/arith_map.v:49.21-49.23
Info:      logic  0.61  6.80 Source core.bbo.bid_valid_SB_LUT4_I2_I3_SB_LUT4_O_I3_SB_CARRY_CO_CI_SB_CARRY_CO_10$CARRY.COUT
Info:    routing  0.00  6.80 Net core.bbo.bid_valid_SB_LUT4_I2_I3_SB_LUT4_O_I3[0] (14,23) -> (14,23)
Info:                          Sink core.bbo.bid_valid_SB_LUT4_I2_I3_SB_LUT4_O_I3_SB_CARRY_CO_CI_SB_CARRY_CO_30$CARRY.CIN
Info:                          Defined in:
Info:                               rtl/candidate_bbo.v:42.39-42.63
Info:                               C:\Users\jacob\AppData\Local\icebbo-toolchain\oss-cad-suite\bin\../share/yosys/ice40/arith_map.v:51.21-51.22
Info:      logic  0.28  7.08 Source core.bbo.bid_valid_SB_LUT4_I2_I3_SB_LUT4_O_I3_SB_CARRY_CO_CI_SB_CARRY_CO_30$CARRY.COUT
Info:    routing  0.00  7.08 Net core.bbo.bid_valid_SB_LUT4_I2_I3_SB_LUT4_O_I3[1] (14,23) -> (14,23)
Info:                          Sink core.bbo.bid_valid_SB_LUT4_I2_I3_SB_LUT4_O_I3_SB_CARRY_CO_CI_SB_CARRY_CO_19$CARRY.CIN
Info:                          Defined in:
Info:                               rtl/candidate_bbo.v:42.39-42.63
Info:                               C:\Users\jacob\AppData\Local\icebbo-toolchain\oss-cad-suite\bin\../share/yosys/ice40/arith_map.v:51.21-51.22
Info:      logic  0.28  7.36 Source core.bbo.bid_valid_SB_LUT4_I2_I3_SB_LUT4_O_I3_SB_CARRY_CO_CI_SB_CARRY_CO_19$CARRY.COUT
Info:    routing  0.00  7.36 Net core.bbo.bid_valid_SB_LUT4_I2_I3_SB_LUT4_O_I3[2] (14,23) -> (14,23)
Info:                          Sink core.bbo.bid_valid_SB_LUT4_I2_I3_SB_LUT4_O_I3_SB_CARRY_CO_CI_SB_CARRY_CO_21$CARRY.CIN
Info:                          Defined in:
Info:                               rtl/candidate_bbo.v:42.39-42.63
Info:                               C:\Users\jacob\AppData\Local\icebbo-toolchain\oss-cad-suite\bin\../share/yosys/ice40/arith_map.v:51.21-51.22
Info:      logic  0.28  7.64 Source core.bbo.bid_valid_SB_LUT4_I2_I3_SB_LUT4_O_I3_SB_CARRY_CO_CI_SB_CARRY_CO_21$CARRY.COUT
Info:    routing  0.00  7.64 Net core.bbo.bid_valid_SB_LUT4_I2_I3_SB_LUT4_O_I3[3] (14,23) -> (14,23)
Info:                          Sink core.bbo.bid_valid_SB_LUT4_I2_I3_SB_LUT4_O_I3_SB_CARRY_CO_CI_SB_CARRY_CO_22$CARRY.CIN
Info:                          Defined in:
Info:                               rtl/candidate_bbo.v:42.39-42.63
Info:                               C:\Users\jacob\AppData\Local\icebbo-toolchain\oss-cad-suite\bin\../share/yosys/ice40/arith_map.v:51.21-51.22
Info:      logic  0.28  7.92 Source core.bbo.bid_valid_SB_LUT4_I2_I3_SB_LUT4_O_I3_SB_CARRY_CO_CI_SB_CARRY_CO_22$CARRY.COUT
Info:    routing  0.00  7.92 Net core.bbo.bid_valid_SB_LUT4_I2_I3_SB_LUT4_O_I3[4] (14,23) -> (14,23)
Info:                          Sink core.bbo.bid_valid_SB_LUT4_I2_I3_SB_LUT4_O_I3_SB_CARRY_CO_CI_SB_CARRY_CO_23$CARRY.CIN
Info:                          Defined in:
Info:                               rtl/candidate_bbo.v:42.39-42.63
Info:                               C:\Users\jacob\AppData\Local\icebbo-toolchain\oss-cad-suite\bin\../share/yosys/ice40/arith_map.v:51.21-51.22
Info:      logic  0.28  8.19 Source core.bbo.bid_valid_SB_LUT4_I2_I3_SB_LUT4_O_I3_SB_CARRY_CO_CI_SB_CARRY_CO_23$CARRY.COUT
Info:    routing  0.00  8.19 Net core.bbo.bid_valid_SB_LUT4_I2_I3_SB_LUT4_O_I3[5] (14,23) -> (14,23)
Info:                          Sink core.bbo.bid_valid_SB_LUT4_I2_I3_SB_LUT4_O_I3_SB_CARRY_CO_CI_SB_CARRY_CO_24$CARRY.CIN
Info:                          Defined in:
Info:                               rtl/candidate_bbo.v:42.39-42.63
Info:                               C:\Users\jacob\AppData\Local\icebbo-toolchain\oss-cad-suite\bin\../share/yosys/ice40/arith_map.v:51.21-51.22
Info:      logic  0.28  8.47 Source core.bbo.bid_valid_SB_LUT4_I2_I3_SB_LUT4_O_I3_SB_CARRY_CO_CI_SB_CARRY_CO_24$CARRY.COUT
Info:    routing  0.00  8.47 Net core.bbo.bid_valid_SB_LUT4_I2_I3_SB_LUT4_O_I3[6] (14,23) -> (14,23)
Info:                          Sink core.bbo.bid_valid_SB_LUT4_I2_I3_SB_LUT4_O_I3_SB_CARRY_CO_CI_SB_CARRY_CO_25$CARRY.CIN
Info:                          Defined in:
Info:                               rtl/candidate_bbo.v:42.39-42.63
Info:                               C:\Users\jacob\AppData\Local\icebbo-toolchain\oss-cad-suite\bin\../share/yosys/ice40/arith_map.v:51.21-51.22
Info:      logic  0.28  8.75 Source core.bbo.bid_valid_SB_LUT4_I2_I3_SB_LUT4_O_I3_SB_CARRY_CO_CI_SB_CARRY_CO_25$CARRY.COUT
Info:    routing  0.56  9.31 Net core.bbo.bid_valid_SB_LUT4_I2_I3_SB_LUT4_O_I3[7] (14,23) -> (14,24)
Info:                          Sink core.bbo.bid_valid_SB_LUT4_I2_I3_SB_LUT4_O_I3_SB_CARRY_CO_CI_SB_CARRY_CO_26$CARRY.CIN
Info:                          Defined in:
Info:                               rtl/candidate_bbo.v:42.39-42.63
Info:                               C:\Users\jacob\AppData\Local\icebbo-toolchain\oss-cad-suite\bin\../share/yosys/ice40/arith_map.v:51.21-51.22
Info:      logic  0.28  9.59 Source core.bbo.bid_valid_SB_LUT4_I2_I3_SB_LUT4_O_I3_SB_CARRY_CO_CI_SB_CARRY_CO_26$CARRY.COUT
Info:    routing  0.00  9.59 Net core.bbo.bid_valid_SB_LUT4_I2_I3_SB_LUT4_O_I3[8] (14,24) -> (14,24)
Info:                          Sink core.bbo.bid_valid_SB_LUT4_I2_I3_SB_LUT4_O_I3_SB_CARRY_CO_CI_SB_CARRY_CO_27$CARRY.CIN
Info:                          Defined in:
Info:                               rtl/candidate_bbo.v:42.39-42.63
Info:                               C:\Users\jacob\AppData\Local\icebbo-toolchain\oss-cad-suite\bin\../share/yosys/ice40/arith_map.v:51.21-51.22
Info:      logic  0.28  9.86 Source core.bbo.bid_valid_SB_LUT4_I2_I3_SB_LUT4_O_I3_SB_CARRY_CO_CI_SB_CARRY_CO_27$CARRY.COUT
Info:    routing  0.00  9.86 Net core.bbo.bid_valid_SB_LUT4_I2_I3_SB_LUT4_O_I3[9] (14,24) -> (14,24)
Info:                          Sink core.bbo.bid_valid_SB_LUT4_I2_I3_SB_LUT4_O_I3_SB_CARRY_CO_CI_SB_CARRY_CO_9$CARRY.CIN
Info:                          Defined in:
Info:                               rtl/candidate_bbo.v:42.39-42.63
Info:                               C:\Users\jacob\AppData\Local\icebbo-toolchain\oss-cad-suite\bin\../share/yosys/ice40/arith_map.v:51.21-51.22
Info:      logic  0.28  10.14 Source core.bbo.bid_valid_SB_LUT4_I2_I3_SB_LUT4_O_I3_SB_CARRY_CO_CI_SB_CARRY_CO_9$CARRY.COUT
Info:    routing  0.00  10.14 Net core.bbo.bid_valid_SB_LUT4_I2_I3_SB_LUT4_O_I3[10] (14,24) -> (14,24)
Info:                          Sink core.bbo.bid_valid_SB_LUT4_I2_I3_SB_LUT4_O_I3_SB_CARRY_CO_CI_SB_CARRY_CO_8$CARRY.CIN
Info:                          Defined in:
Info:                               rtl/candidate_bbo.v:42.39-42.63
Info:                               C:\Users\jacob\AppData\Local\icebbo-toolchain\oss-cad-suite\bin\../share/yosys/ice40/arith_map.v:51.21-51.22
Info:      logic  0.28  10.42 Source core.bbo.bid_valid_SB_LUT4_I2_I3_SB_LUT4_O_I3_SB_CARRY_CO_CI_SB_CARRY_CO_8$CARRY.COUT
Info:    routing  0.00  10.42 Net core.bbo.bid_valid_SB_LUT4_I2_I3_SB_LUT4_O_I3[11] (14,24) -> (14,24)
Info:                          Sink core.bbo.bid_valid_SB_LUT4_I2_I3_SB_LUT4_O_I3_SB_CARRY_CO_CI_SB_CARRY_CO_7$CARRY.CIN
Info:                          Defined in:
Info:                               rtl/candidate_bbo.v:42.39-42.63
Info:                               C:\Users\jacob\AppData\Local\icebbo-toolchain\oss-cad-suite\bin\../share/yosys/ice40/arith_map.v:51.21-51.22
Info:      logic  0.28  10.70 Source core.bbo.bid_valid_SB_LUT4_I2_I3_SB_LUT4_O_I3_SB_CARRY_CO_CI_SB_CARRY_CO_7$CARRY.COUT
Info:    routing  0.00  10.70 Net core.bbo.bid_valid_SB_LUT4_I2_I3_SB_LUT4_O_I3[12] (14,24) -> (14,24)
Info:                          Sink core.bbo.bid_valid_SB_LUT4_I2_I3_SB_LUT4_O_I3_SB_CARRY_CO_CI_SB_CARRY_CO_6$CARRY.CIN
Info:                          Defined in:
Info:                               rtl/candidate_bbo.v:42.39-42.63
Info:                               C:\Users\jacob\AppData\Local\icebbo-toolchain\oss-cad-suite\bin\../share/yosys/ice40/arith_map.v:51.21-51.22
Info:      logic  0.28  10.98 Source core.bbo.bid_valid_SB_LUT4_I2_I3_SB_LUT4_O_I3_SB_CARRY_CO_CI_SB_CARRY_CO_6$CARRY.COUT
Info:    routing  0.00  10.98 Net core.bbo.bid_valid_SB_LUT4_I2_I3_SB_LUT4_O_I3[13] (14,24) -> (14,24)
Info:                          Sink core.bbo.bid_valid_SB_LUT4_I2_I3_SB_LUT4_O_I3_SB_CARRY_CO_CI_SB_CARRY_CO_5$CARRY.CIN
Info:                          Defined in:
Info:                               rtl/candidate_bbo.v:42.39-42.63
Info:                               C:\Users\jacob\AppData\Local\icebbo-toolchain\oss-cad-suite\bin\../share/yosys/ice40/arith_map.v:51.21-51.22
Info:      logic  0.28  11.25 Source core.bbo.bid_valid_SB_LUT4_I2_I3_SB_LUT4_O_I3_SB_CARRY_CO_CI_SB_CARRY_CO_5$CARRY.COUT
Info:    routing  0.00  11.25 Net core.bbo.bid_valid_SB_LUT4_I2_I3_SB_LUT4_O_I3[14] (14,24) -> (14,24)
Info:                          Sink core.bbo.bid_valid_SB_LUT4_I2_I3_SB_LUT4_O_I3_SB_CARRY_CO_CI_SB_CARRY_CO_4$CARRY.CIN
Info:                          Defined in:
Info:                               rtl/candidate_bbo.v:42.39-42.63
Info:                               C:\Users\jacob\AppData\Local\icebbo-toolchain\oss-cad-suite\bin\../share/yosys/ice40/arith_map.v:51.21-51.22
Info:      logic  0.28  11.53 Source core.bbo.bid_valid_SB_LUT4_I2_I3_SB_LUT4_O_I3_SB_CARRY_CO_CI_SB_CARRY_CO_4$CARRY.COUT
Info:    routing  0.56  12.09 Net core.bbo.bid_valid_SB_LUT4_I2_I3_SB_LUT4_O_I3[15] (14,24) -> (14,25)
Info:                          Sink core.bbo.bid_valid_SB_LUT4_I2_I3_SB_LUT4_O_I3_SB_CARRY_CO_CI_SB_CARRY_CO_3$CARRY.CIN
Info:                          Defined in:
Info:                               rtl/candidate_bbo.v:42.39-42.63
Info:                               C:\Users\jacob\AppData\Local\icebbo-toolchain\oss-cad-suite\bin\../share/yosys/ice40/arith_map.v:51.21-51.22
Info:      logic  0.28  12.36 Source core.bbo.bid_valid_SB_LUT4_I2_I3_SB_LUT4_O_I3_SB_CARRY_CO_CI_SB_CARRY_CO_3$CARRY.COUT
Info:    routing  0.00  12.36 Net core.bbo.bid_valid_SB_LUT4_I2_I3_SB_LUT4_O_I3[16] (14,25) -> (14,25)
Info:                          Sink core.bbo.bid_valid_SB_LUT4_I2_I3_SB_LUT4_O_I3_SB_CARRY_CO_CI_SB_CARRY_CO_2$CARRY.CIN
Info:                          Defined in:
Info:                               rtl/candidate_bbo.v:42.39-42.63
Info:                               C:\Users\jacob\AppData\Local\icebbo-toolchain\oss-cad-suite\bin\../share/yosys/ice40/arith_map.v:51.21-51.22
Info:      logic  0.28  12.64 Source core.bbo.bid_valid_SB_LUT4_I2_I3_SB_LUT4_O_I3_SB_CARRY_CO_CI_SB_CARRY_CO_2$CARRY.COUT
Info:    routing  0.00  12.64 Net core.bbo.bid_valid_SB_LUT4_I2_I3_SB_LUT4_O_I3[17] (14,25) -> (14,25)
Info:                          Sink core.bbo.bid_valid_SB_LUT4_I2_I3_SB_LUT4_O_I3_SB_CARRY_CO_CI_SB_CARRY_CO_1$CARRY.CIN
Info:                          Defined in:
Info:                               rtl/candidate_bbo.v:42.39-42.63
Info:                               C:\Users\jacob\AppData\Local\icebbo-toolchain\oss-cad-suite\bin\../share/yosys/ice40/arith_map.v:51.21-51.22
Info:      logic  0.28  12.92 Source core.bbo.bid_valid_SB_LUT4_I2_I3_SB_LUT4_O_I3_SB_CARRY_CO_CI_SB_CARRY_CO_1$CARRY.COUT
Info:    routing  0.00  12.92 Net core.bbo.bid_valid_SB_LUT4_I2_I3_SB_LUT4_O_I3[18] (14,25) -> (14,25)
Info:                          Sink core.bbo.bid_valid_SB_LUT4_I2_I3_SB_LUT4_O_I3_SB_CARRY_CO_CI_SB_CARRY_CO$CARRY.CIN
Info:                          Defined in:
Info:                               rtl/candidate_bbo.v:42.39-42.63
Info:                               C:\Users\jacob\AppData\Local\icebbo-toolchain\oss-cad-suite\bin\../share/yosys/ice40/arith_map.v:51.21-51.22
Info:      logic  0.28  13.20 Source core.bbo.bid_valid_SB_LUT4_I2_I3_SB_LUT4_O_I3_SB_CARRY_CO_CI_SB_CARRY_CO$CARRY.COUT
Info:    routing  0.00  13.20 Net core.bbo.bid_valid_SB_LUT4_I2_I3_SB_LUT4_O_I3[19] (14,25) -> (14,25)
Info:                          Sink core.bbo.bid_valid_SB_LUT4_I2_I3_SB_LUT4_O_I3_SB_CARRY_CO_CI_SB_CARRY_CO_29$CARRY.CIN
Info:                          Defined in:
Info:                               rtl/candidate_bbo.v:42.39-42.63
Info:                               C:\Users\jacob\AppData\Local\icebbo-toolchain\oss-cad-suite\bin\../share/yosys/ice40/arith_map.v:51.21-51.22
Info:      logic  0.28  13.48 Source core.bbo.bid_valid_SB_LUT4_I2_I3_SB_LUT4_O_I3_SB_CARRY_CO_CI_SB_CARRY_CO_29$CARRY.COUT
Info:    routing  0.00  13.48 Net core.bbo.bid_valid_SB_LUT4_I2_I3_SB_LUT4_O_I3[20] (14,25) -> (14,25)
Info:                          Sink core.bbo.bid_valid_SB_LUT4_I2_I3_SB_LUT4_O_I3_SB_CARRY_CO_CI_SB_CARRY_CO_28$CARRY.CIN
Info:                          Defined in:
Info:                               rtl/candidate_bbo.v:42.39-42.63
Info:                               C:\Users\jacob\AppData\Local\icebbo-toolchain\oss-cad-suite\bin\../share/yosys/ice40/arith_map.v:51.21-51.22
Info:      logic  0.28  13.76 Source core.bbo.bid_valid_SB_LUT4_I2_I3_SB_LUT4_O_I3_SB_CARRY_CO_CI_SB_CARRY_CO_28$CARRY.COUT
Info:    routing  0.00  13.76 Net core.bbo.bid_valid_SB_LUT4_I2_I3_SB_LUT4_O_I3[21] (14,25) -> (14,25)
Info:                          Sink core.bbo.bid_valid_SB_LUT4_I2_I3_SB_LUT4_O_I3_SB_CARRY_CO_CI_SB_CARRY_CO_11$CARRY.CIN
Info:                          Defined in:
Info:                               rtl/candidate_bbo.v:42.39-42.63
Info:                               C:\Users\jacob\AppData\Local\icebbo-toolchain\oss-cad-suite\bin\../share/yosys/ice40/arith_map.v:51.21-51.22
Info:      logic  0.28  14.03 Source core.bbo.bid_valid_SB_LUT4_I2_I3_SB_LUT4_O_I3_SB_CARRY_CO_CI_SB_CARRY_CO_11$CARRY.COUT
Info:    routing  0.00  14.03 Net core.bbo.bid_valid_SB_LUT4_I2_I3_SB_LUT4_O_I3[22] (14,25) -> (14,25)
Info:                          Sink core.bbo.bid_valid_SB_LUT4_I2_I3_SB_LUT4_O_I3_SB_CARRY_CO_CI_SB_CARRY_CO_12$CARRY.CIN
Info:                          Defined in:
Info:                               rtl/candidate_bbo.v:42.39-42.63
Info:                               C:\Users\jacob\AppData\Local\icebbo-toolchain\oss-cad-suite\bin\../share/yosys/ice40/arith_map.v:51.21-51.22
Info:      logic  0.28  14.31 Source core.bbo.bid_valid_SB_LUT4_I2_I3_SB_LUT4_O_I3_SB_CARRY_CO_CI_SB_CARRY_CO_12$CARRY.COUT
Info:    routing  0.56  14.87 Net core.bbo.bid_valid_SB_LUT4_I2_I3_SB_LUT4_O_I3[23] (14,25) -> (14,26)
Info:                          Sink core.bbo.bid_valid_SB_LUT4_I2_I3_SB_LUT4_O_I3_SB_CARRY_CO_CI_SB_CARRY_CO_13$CARRY.CIN
Info:                          Defined in:
Info:                               rtl/candidate_bbo.v:42.39-42.63
Info:                               C:\Users\jacob\AppData\Local\icebbo-toolchain\oss-cad-suite\bin\../share/yosys/ice40/arith_map.v:51.21-51.22
Info:      logic  0.28  15.15 Source core.bbo.bid_valid_SB_LUT4_I2_I3_SB_LUT4_O_I3_SB_CARRY_CO_CI_SB_CARRY_CO_13$CARRY.COUT
Info:    routing  0.00  15.15 Net core.bbo.bid_valid_SB_LUT4_I2_I3_SB_LUT4_O_I3[24] (14,26) -> (14,26)
Info:                          Sink core.bbo.bid_valid_SB_LUT4_I2_I3_SB_LUT4_O_I3_SB_CARRY_CO_CI_SB_CARRY_CO_14$CARRY.CIN
Info:                          Defined in:
Info:                               rtl/candidate_bbo.v:42.39-42.63
Info:                               C:\Users\jacob\AppData\Local\icebbo-toolchain\oss-cad-suite\bin\../share/yosys/ice40/arith_map.v:51.21-51.22
Info:      logic  0.28  15.42 Source core.bbo.bid_valid_SB_LUT4_I2_I3_SB_LUT4_O_I3_SB_CARRY_CO_CI_SB_CARRY_CO_14$CARRY.COUT
Info:    routing  0.00  15.42 Net core.bbo.bid_valid_SB_LUT4_I2_I3_SB_LUT4_O_I3[25] (14,26) -> (14,26)
Info:                          Sink core.bbo.bid_valid_SB_LUT4_I2_I3_SB_LUT4_O_I3_SB_CARRY_CO_CI_SB_CARRY_CO_15$CARRY.CIN
Info:                          Defined in:
Info:                               rtl/candidate_bbo.v:42.39-42.63
Info:                               C:\Users\jacob\AppData\Local\icebbo-toolchain\oss-cad-suite\bin\../share/yosys/ice40/arith_map.v:51.21-51.22
Info:      logic  0.28  15.70 Source core.bbo.bid_valid_SB_LUT4_I2_I3_SB_LUT4_O_I3_SB_CARRY_CO_CI_SB_CARRY_CO_15$CARRY.COUT
Info:    routing  0.00  15.70 Net core.bbo.bid_valid_SB_LUT4_I2_I3_SB_LUT4_O_I3[26] (14,26) -> (14,26)
Info:                          Sink core.bbo.bid_valid_SB_LUT4_I2_I3_SB_LUT4_O_I3_SB_CARRY_CO_CI_SB_CARRY_CO_16$CARRY.CIN
Info:                          Defined in:
Info:                               rtl/candidate_bbo.v:42.39-42.63
Info:                               C:\Users\jacob\AppData\Local\icebbo-toolchain\oss-cad-suite\bin\../share/yosys/ice40/arith_map.v:51.21-51.22
Info:      logic  0.28  15.98 Source core.bbo.bid_valid_SB_LUT4_I2_I3_SB_LUT4_O_I3_SB_CARRY_CO_CI_SB_CARRY_CO_16$CARRY.COUT
Info:    routing  0.00  15.98 Net core.bbo.bid_valid_SB_LUT4_I2_I3_SB_LUT4_O_I3[27] (14,26) -> (14,26)
Info:                          Sink core.bbo.bid_valid_SB_LUT4_I2_I3_SB_LUT4_O_I3_SB_CARRY_CO_CI_SB_CARRY_CO_17$CARRY.CIN
Info:                          Defined in:
Info:                               rtl/candidate_bbo.v:42.39-42.63
Info:                               C:\Users\jacob\AppData\Local\icebbo-toolchain\oss-cad-suite\bin\../share/yosys/ice40/arith_map.v:51.21-51.22
Info:      logic  0.28  16.26 Source core.bbo.bid_valid_SB_LUT4_I2_I3_SB_LUT4_O_I3_SB_CARRY_CO_CI_SB_CARRY_CO_17$CARRY.COUT
Info:    routing  0.00  16.26 Net core.bbo.bid_valid_SB_LUT4_I2_I3_SB_LUT4_O_I3[28] (14,26) -> (14,26)
Info:                          Sink core.bbo.bid_valid_SB_LUT4_I2_I3_SB_LUT4_O_I3_SB_CARRY_CO_CI_SB_CARRY_CO_18$CARRY.CIN
Info:                          Defined in:
Info:                               rtl/candidate_bbo.v:42.39-42.63
Info:                               C:\Users\jacob\AppData\Local\icebbo-toolchain\oss-cad-suite\bin\../share/yosys/ice40/arith_map.v:51.21-51.22
Info:      logic  0.28  16.53 Source core.bbo.bid_valid_SB_LUT4_I2_I3_SB_LUT4_O_I3_SB_CARRY_CO_CI_SB_CARRY_CO_18$CARRY.COUT
Info:    routing  0.00  16.53 Net core.bbo.bid_valid_SB_LUT4_I2_I3_SB_LUT4_O_I3[29] (14,26) -> (14,26)
Info:                          Sink core.bbo.bid_valid_SB_LUT4_I2_I3_SB_LUT4_O_I3_SB_CARRY_CO_CI_SB_CARRY_CO_20$CARRY.CIN
Info:                          Defined in:
Info:                               rtl/candidate_bbo.v:42.39-42.63
Info:                               C:\Users\jacob\AppData\Local\icebbo-toolchain\oss-cad-suite\bin\../share/yosys/ice40/arith_map.v:51.21-51.22
Info:      logic  0.28  16.81 Source core.bbo.bid_valid_SB_LUT4_I2_I3_SB_LUT4_O_I3_SB_CARRY_CO_CI_SB_CARRY_CO_20$CARRY.COUT
Info:    routing  0.00  16.81 Net core.bbo.bid_valid_SB_LUT4_I2_I3_SB_LUT4_O_I3[30] (14,26) -> (14,26)
Info:                          Sink core.bbo.bid_valid_SB_LUT4_I2_I3_SB_LUT4_O_I3_SB_CARRY_CO$CARRY.CIN
Info:                          Defined in:
Info:                               rtl/candidate_bbo.v:42.39-42.63
Info:                               C:\Users\jacob\AppData\Local\icebbo-toolchain\oss-cad-suite\bin\../share/yosys/ice40/arith_map.v:51.21-51.22
Info:      logic  0.28  17.09 Source core.bbo.bid_valid_SB_LUT4_I2_I3_SB_LUT4_O_I3_SB_CARRY_CO$CARRY.COUT
Info:    routing  1.22  18.31 Net core.bbo.bid_valid_SB_LUT4_I2_I3_SB_LUT4_O_I2[3] (14,26) -> (14,27)
Info:                          Sink core.bbo.bid_valid_SB_LUT4_I2_I3_SB_LUT4_O_LC.I3
Info:                          Defined in:
Info:                               rtl/candidate_bbo.v:42.39-42.63
Info:                               C:\Users\jacob\AppData\Local\icebbo-toolchain\oss-cad-suite\bin\../share/yosys/ice40/arith_map.v:37.23-37.25
Info:      logic  0.87  19.18 Source core.bbo.bid_valid_SB_LUT4_I2_I3_SB_LUT4_O_LC.O
Info:    routing  1.76  20.94 Net core.bbo.bid_valid_SB_LUT4_I2_I3[3] (14,27) -> (15,28)
Info:                          Sink core.bbo.bid_valid_SB_LUT4_I2_LC.I3
Info:                          Defined in:
Info:                               C:\Users\jacob\AppData\Local\icebbo-toolchain\oss-cad-suite\bin\../share/yosys/gate2lut.v:46.7-49.6
Info:                               C:\Users\jacob\AppData\Local\icebbo-toolchain\oss-cad-suite\bin\../share/yosys/ice40/cells_map.v:6.21-6.22
Info:      logic  0.87  21.82 Source core.bbo.bid_valid_SB_LUT4_I2_LC.O
Info:    routing  1.76  23.58 Net core.bbo.bid_valid_SB_LUT4_I2_O (15,28) -> (16,28)
Info:                          Sink core.bbo.bid_valid_SB_LUT4_I2_O_$_ORNOT__A.lut_LC.I0
Info:      logic  1.28  24.86 Source core.bbo.bid_valid_SB_LUT4_I2_O_$_ORNOT__A.lut_LC.O
Info:    routing  3.19  28.05 Net core.bbo.bid_valid_SB_LUT4_I2_O_$_ORNOT__A_Y (16,28) -> (15,27)
Info:                          Sink core.bbo.best_bid_SB_DFFESR_Q_1_DFFLC.CEN
Info:      setup  0.10  28.15 Source core.bbo.best_bid_SB_DFFESR_Q_1_DFFLC.CEN
Info: 15.03 ns logic, 13.12 ns routing

Info: Critical path report for cross-domain path '<async>' -> 'posedge clk_48mhz$SB_IO_IN_$glb_clk':
Info:       type curr  total name
Info:     source  0.00  0.00 Source reset_n$sb_io.D_IN_0
Info:    routing  3.15  3.15 Net reset_n$SB_IO_IN (8,31) -> (10,28)
Info:                          Sink receiver.byte_valid_SB_LUT4_I2_LC.I1
Info:                          Defined in:
Info:                               fpga/timing_probe_top.v:8.17-8.24
Info:      logic  1.23  4.38 Source receiver.byte_valid_SB_LUT4_I2_LC.O
Info:    routing  1.76  6.14 Net receiver.byte_valid_SB_LUT4_I2_O[0] (10,28) -> (11,27)
Info:                          Sink core.parser.byte_index_SB_DFFESR_Q_E_$_ORNOT__Y_A_SB_LUT4_O_I0_SB_LUT4_O_I3_SB_LUT4_O_I0_SB_LUT4_I0_O_SB_LUT4_I1_LC.I0
Info:                          Defined in:
Info:                               C:\Users\jacob\AppData\Local\icebbo-toolchain\oss-cad-suite\bin\../share/yosys/gate2lut.v:46.7-49.6
Info:                               C:\Users\jacob\AppData\Local\icebbo-toolchain\oss-cad-suite\bin\../share/yosys/ice40/cells_map.v:6.21-6.22
Info:      logic  1.28  7.43 Source core.parser.byte_index_SB_DFFESR_Q_E_$_ORNOT__Y_A_SB_LUT4_O_I0_SB_LUT4_O_I3_SB_LUT4_O_I0_SB_LUT4_I0_O_SB_LUT4_I1_LC.O
Info:    routing  2.41  9.84 Net core.parser.byte_index_SB_DFFESR_Q_E_$_ORNOT__Y_A_SB_LUT4_O_I0_SB_LUT4_O_I3_SB_LUT4_O_I0_SB_LUT4_I0_O_SB_LUT4_I1_O (11,27) -> (11,25)
Info:                          Sink core.parser.byte_index_SB_DFFESR_Q_E_$_ORNOT__Y_A_SB_LUT4_O_I0_SB_LUT4_O_I3_SB_LUT4_O_I0_SB_LUT4_I0_O_SB_LUT4_I1_O_$_ORNOT__A.lut_LC.I0
Info:      logic  1.28  11.12 Source core.parser.byte_index_SB_DFFESR_Q_E_$_ORNOT__Y_A_SB_LUT4_O_I0_SB_LUT4_O_I3_SB_LUT4_O_I0_SB_LUT4_I0_O_SB_LUT4_I1_O_$_ORNOT__A.lut_LC.O
Info:    routing  3.53  14.65 Net core.parser.byte_index_SB_DFFESR_Q_E_$_ORNOT__Y_A_SB_LUT4_O_I0_SB_LUT4_O_I3_SB_LUT4_O_I0_SB_LUT4_I0_O_SB_LUT4_I1_O_$_ORNOT__A_Y (11,25) -> (12,29)
Info:                          Sink core.parser.price_shift_SB_DFFESR_Q_22_DFFLC.CEN
Info:      setup  0.10  14.75 Source core.parser.price_shift_SB_DFFESR_Q_22_DFFLC.CEN
Info: 3.90 ns logic, 10.85 ns routing

Info: Critical path report for cross-domain path 'posedge clk_48mhz$SB_IO_IN_$glb_clk' -> '<async>':
Info:       type curr  total name
Info:   clk-to-q  1.39  1.39 Source core.bbo.best_bid_SB_DFFESR_Q_12_DFFLC.O
Info:    routing  1.76  3.15 Net best_bid[0] (16,24) -> (16,24)
Info:                          Sink core.bbo.ask_valid_SB_LUT4_I1_O_SB_LUT4_O_2_I3_SB_LUT4_O_3_LC.I0
Info:                          Defined in:
Info:                               rtl/market_data_core.v:11.24-11.32
Info:      logic  1.28  4.43 Source core.bbo.ask_valid_SB_LUT4_I1_O_SB_LUT4_O_2_I3_SB_LUT4_O_3_LC.O
Info:    routing  2.41  6.84 Net core.bbo.ask_valid_SB_LUT4_I1_O_SB_LUT4_O_2_I3[0] (16,24) -> (16,26)
Info:                          Sink core.bbo.ask_valid_SB_LUT4_I1_O_SB_LUT4_O_2_LC.I0
Info:                          Defined in:
Info:                               fpga/timing_probe_top.v:37.28-37.37
Info:                               C:\Users\jacob\AppData\Local\icebbo-toolchain\oss-cad-suite\bin\../share/yosys/gate2lut.v:63.7-66.6
Info:                               C:\Users\jacob\AppData\Local\icebbo-toolchain\oss-cad-suite\bin\../share/yosys/ice40/cells_map.v:6.21-6.22
Info:      logic  1.28  8.13 Source core.bbo.ask_valid_SB_LUT4_I1_O_SB_LUT4_O_2_LC.O
Info:    routing  2.41  10.54 Net core.bbo.ask_valid_SB_LUT4_I1_O[2] (16,26) -> (17,28)
Info:                          Sink activity_pin_SB_LUT4_O_I3_SB_LUT4_O_3_LC.I2
Info:                          Defined in:
Info:                               fpga/timing_probe_top.v:37.28-37.37
Info:                               C:\Users\jacob\AppData\Local\icebbo-toolchain\oss-cad-suite\bin\../share/yosys/gate2lut.v:63.7-66.6
Info:                               C:\Users\jacob\AppData\Local\icebbo-toolchain\oss-cad-suite\bin\../share/yosys/ice40/cells_map.v:6.21-6.22
Info:      logic  1.21  11.74 Source activity_pin_SB_LUT4_O_I3_SB_LUT4_O_3_LC.O
Info:    routing  1.76  13.50 Net activity_pin_SB_LUT4_O_I3[3] (17,28) -> (18,28)
Info:                          Sink activity_pin_SB_LUT4_O_LC.I3
Info:                          Defined in:
Info:                               fpga/timing_probe_top.v:37.42-37.51
Info:                               C:\Users\jacob\AppData\Local\icebbo-toolchain\oss-cad-suite\bin\../share/yosys/gate2lut.v:63.7-66.6
Info:                               C:\Users\jacob\AppData\Local\icebbo-toolchain\oss-cad-suite\bin\../share/yosys/ice40/cells_map.v:6.21-6.22
Info:      logic  0.87  14.38 Source activity_pin_SB_LUT4_O_LC.O
Info:    routing  2.95  17.33 Net activity_pin$SB_IO_OUT (18,28) -> (16,31)
Info:                          Sink activity_pin$sb_io.D_OUT_0
Info:                          Defined in:
Info:                               fpga/timing_probe_top.v:10.17-10.29
Info: 6.04 ns logic, 11.29 ns routing

ERROR: Max frequency for clock 'clk_48mhz$SB_IO_IN_$glb_clk': 35.52 MHz (FAIL at 48.00 MHz)

Info: Max delay <async>                             -> posedge clk_48mhz$SB_IO_IN_$glb_clk: 14.75 ns
Info: Max delay posedge clk_48mhz$SB_IO_IN_$glb_clk -> <async>                            : 17.33 ns

Info: Slack histogram:
Info:  legend: * represents 2 endpoint(s)
Info:          + represents [1,2) endpoint(s)
Info: [ -7319,  -6110) |****************+
Info: [ -6110,  -4901) |***+
Info: [ -4901,  -3692) |*******************+
Info: [ -3692,  -2483) |*****************+
Info: [ -2483,  -1274) |****+
Info: [ -1274,    -65) |****************+
Info: [   -65,   1144) |*********+
Info: [  1144,   2353) |***********+
Info: [  2353,   3562) |*+
Info: [  3562,   4771) |***+
Info: [  4771,   5980) |*+
Info: [  5980,   7189) |**+
Info: [  7189,   8398) |******+
Info: [  8398,   9607) |*****+
Info: [  9607,  10816) |*******+
Info: [ 10816,  12025) |**********+
Info: [ 12025,  13234) |******+
Info: [ 13234,  14443) |**+
Info: [ 14443,  15652) |*************************************+
Info: [ 15652,  16861) |************************************************************ 
0 warnings, 1 error

Info: Program finished normally.
