
-- Running command `read_verilog rtl/candidate_bbo.v rtl/frame_parser.v rtl/market_data_core.v rtl/uart_rx.v fpga/timing_probe_top.v; synth_ice40 -device u -noabc -top timing_probe_top; techmap -map fpga/map_ornot.v; write_json build/fpga/probe.json; stat' --

1. Executing Verilog-2005 frontend: rtl/candidate_bbo.v
Parsing Verilog input from `rtl/candidate_bbo.v' to AST representation.
Generating RTLIL representation for module `\candidate_bbo'.
Successfully finished Verilog frontend.

2. Executing Verilog-2005 frontend: rtl/frame_parser.v
Parsing Verilog input from `rtl/frame_parser.v' to AST representation.
Generating RTLIL representation for module `\frame_parser'.
Successfully finished Verilog frontend.

3. Executing Verilog-2005 frontend: rtl/market_data_core.v
Parsing Verilog input from `rtl/market_data_core.v' to AST representation.
Generating RTLIL representation for module `\market_data_core'.
Successfully finished Verilog frontend.

4. Executing Verilog-2005 frontend: rtl/uart_rx.v
Parsing Verilog input from `rtl/uart_rx.v' to AST representation.
Generating RTLIL representation for module `\uart_rx'.
Successfully finished Verilog frontend.

5. Executing Verilog-2005 frontend: fpga/timing_probe_top.v
Parsing Verilog input from `fpga/timing_probe_top.v' to AST representation.
Generating RTLIL representation for module `\timing_probe_top'.
Successfully finished Verilog frontend.

6. Executing SYNTH_ICE40 pass.

6.1. Executing Verilog-2005 frontend: C:\Users\jacob\AppData\Local\icebbo-toolchain\oss-cad-suite\bin\../share/yosys/ice40/cells_sim.v
Parsing Verilog input from `C:\Users\jacob\AppData\Local\icebbo-toolchain\oss-cad-suite\bin\../share/yosys/ice40/cells_sim.v' to AST representation.
Generating RTLIL representation for module `\SB_IO'.
Generating RTLIL representation for module `\SB_GB_IO'.
Generating RTLIL representation for module `\SB_GB'.
Generating RTLIL representation for module `\SB_LUT4'.
Generating RTLIL representation for module `\SB_CARRY'.
Generating RTLIL representation for module `\SB_DFF'.
Generating RTLIL representation for module `\SB_DFFE'.
Generating RTLIL representation for module `\SB_DFFSR'.
Generating RTLIL representation for module `\SB_DFFR'.
Generating RTLIL representation for module `\SB_DFFSS'.
Generating RTLIL representation for module `\SB_DFFS'.
Generating RTLIL representation for module `\SB_DFFESR'.
Generating RTLIL representation for module `\SB_DFFER'.
Generating RTLIL representation for module `\SB_DFFESS'.
Generating RTLIL representation for module `\SB_DFFES'.
Generating RTLIL representation for module `\SB_DFFN'.
Generating RTLIL representation for module `\SB_DFFNE'.
Generating RTLIL representation for module `\SB_DFFNSR'.
Generating RTLIL representation for module `\SB_DFFNR'.
Generating RTLIL representation for module `\SB_DFFNSS'.
Generating RTLIL representation for module `\SB_DFFNS'.
Generating RTLIL representation for module `\SB_DFFNESR'.
Generating RTLIL representation for module `\SB_DFFNER'.
Generating RTLIL representation for module `\SB_DFFNESS'.
Generating RTLIL representation for module `\SB_DFFNES'.
Generating RTLIL representation for module `\SB_RAM40_4K'.
Generating RTLIL representation for module `\SB_RAM40_4KNR'.
Generating RTLIL representation for module `\SB_RAM40_4KNW'.
Generating RTLIL representation for module `\SB_RAM40_4KNRNW'.
Generating RTLIL representation for module `\ICESTORM_LC'.
Generating RTLIL representation for module `\SB_PLL40_CORE'.
Generating RTLIL representation for module `\SB_PLL40_PAD'.
Generating RTLIL representation for module `\SB_PLL40_2_PAD'.
Generating RTLIL representation for module `\SB_PLL40_2F_CORE'.
Generating RTLIL representation for module `\SB_PLL40_2F_PAD'.
Generating RTLIL representation for module `\SB_WARMBOOT'.
Generating RTLIL representation for module `\SB_SPRAM256KA'.
Generating RTLIL representation for module `\SB_HFOSC'.
Generating RTLIL representation for module `\SB_LFOSC'.
Generating RTLIL representation for module `\SB_RGBA_DRV'.
Generating RTLIL representation for module `\SB_LED_DRV_CUR'.
Generating RTLIL representation for module `\SB_RGB_DRV'.
Generating RTLIL representation for module `\SB_I2C'.
Generating RTLIL representation for module `\SB_SPI'.
Generating RTLIL representation for module `\SB_LEDDA_IP'.
Generating RTLIL representation for module `\SB_FILTER_50NS'.
Generating RTLIL representation for module `\SB_IO_I3C'.
Generating RTLIL representation for module `\SB_IO_OD'.
Generating RTLIL representation for module `\SB_MAC16'.
Generating RTLIL representation for module `\ICESTORM_RAM'.
Successfully finished Verilog frontend.

6.2. Executing HIERARCHY pass (managing design hierarchy).

6.2.1. Analyzing design hierarchy..
Top module:  \timing_probe_top
Used module:     \market_data_core
Used module:         \candidate_bbo
Used module:         \frame_parser
Used module:     \uart_rx
Parameter \CLKS_PER_BIT = 16

6.2.2. Executing AST frontend in derive mode using pre-parsed AST for module `\uart_rx'.
Parameter \CLKS_PER_BIT = 16
Generating RTLIL representation for module `$paramod\uart_rx\CLKS_PER_BIT=s32'00000000000000000000000000010000'.

6.2.3. Analyzing design hierarchy..
Top module:  \timing_probe_top
Used module:     \market_data_core
Used module:         \candidate_bbo
Used module:         \frame_parser
Used module:     $paramod\uart_rx\CLKS_PER_BIT=s32'00000000000000000000000000010000

6.2.4. Analyzing design hierarchy..
Top module:  \timing_probe_top
Used module:     \market_data_core
Used module:         \candidate_bbo
Used module:         \frame_parser
Used module:     $paramod\uart_rx\CLKS_PER_BIT=s32'00000000000000000000000000010000
Removing unused module `\uart_rx'.
Removed 1 unused modules.

6.3. Executing PROC pass (convert processes to netlists).

6.3.1. Executing PROC_CLEAN pass (remove empty switches from decision trees).
Cleaned up 0 empty switches.

6.3.2. Executing PROC_RMDEAD pass (remove dead branches from decision trees).
Removed 1 dead cases from process $proc$rtl/uart_rx.v:25$602 in module $paramod\uart_rx\CLKS_PER_BIT=s32'00000000000000000000000000010000.
Marked 8 switch rules as full_case in process $proc$rtl/uart_rx.v:25$602 in module $paramod\uart_rx\CLKS_PER_BIT=s32'00000000000000000000000000010000.
Marked 28 switch rules as full_case in process $proc$rtl/frame_parser.v:40$18 in module frame_parser.
Marked 2 switch rules as full_case in process $proc$rtl/candidate_bbo.v:24$2 in module candidate_bbo.
Removed a total of 1 dead cases.

6.3.3. Executing PROC_PRUNE pass (remove redundant assignments in processes).
Removed 5 redundant assignments.
Promoted 17 assignments to connections.

6.3.4. Executing PROC_INIT pass (extract init attributes).

6.3.5. Executing PROC_ARST pass (detect async resets in processes).

6.3.6. Executing PROC_ROM pass (convert switches to ROMs).
Converted 0 switches.
<suppressed ~45 debug messages>

6.3.7. Executing PROC_MUX pass (convert decision trees to multiplexers).
Creating decoders for process `$paramod\uart_rx\CLKS_PER_BIT=s32'00000000000000000000000000010000.$proc$rtl/uart_rx.v:25$602'.
     1/14: $3$lookahead\shift_data$601[7:0]$615
     2/14: $3$bitselwrite$pos$rtl/uart_rx.v:57$600[2:0]$614
     3/14: $2$lookahead\shift_data$601[7:0]$608
     4/14: $2$bitselwrite$pos$rtl/uart_rx.v:57$600[2:0]$607
     5/14: $0\framing_error[0:0]
     6/14: $0\byte_valid[0:0]
     7/14: $1$lookahead\shift_data$601[7:0]$606
     8/14: $0\rx_sync[0:0]
     9/14: $0\rx_meta[0:0]
    10/14: $1$bitselwrite$pos$rtl/uart_rx.v:57$600[2:0]$605
    11/14: $0\bit_index[2:0]
    12/14: $0\clocks_left[7:0]
    13/14: $0\state[1:0]
    14/14: $0\byte_data[7:0]
Creating decoders for process `\frame_parser.$proc$rtl/frame_parser.v:40$18'.
     1/77: $11\crc8_next$func$rtl/frame_parser.v:68$13.next_crc[7:0]$177
     2/77: $10\crc8_next$func$rtl/frame_parser.v:68$13.next_crc[7:0]$173
     3/77: $9\crc8_next$func$rtl/frame_parser.v:68$13.next_crc[7:0]$169
     4/77: $8\crc8_next$func$rtl/frame_parser.v:68$13.next_crc[7:0]$165
     5/77: $7\crc8_next$func$rtl/frame_parser.v:68$13.next_crc[7:0]$161
     6/77: $6\crc8_next$func$rtl/frame_parser.v:68$13.next_crc[7:0]$157
     7/77: $5\crc8_next$func$rtl/frame_parser.v:68$13.next_crc[7:0]$153
     8/77: $4\crc8_next$func$rtl/frame_parser.v:68$13.next_crc[7:0]$149
     9/77: $11\crc8_next$func$rtl/frame_parser.v:63$12.next_crc[7:0]$144
    10/77: $10\crc8_next$func$rtl/frame_parser.v:63$12.next_crc[7:0]$140
    11/77: $9\crc8_next$func$rtl/frame_parser.v:63$12.next_crc[7:0]$136
    12/77: $8\crc8_next$func$rtl/frame_parser.v:63$12.next_crc[7:0]$132
    13/77: $7\crc8_next$func$rtl/frame_parser.v:63$12.next_crc[7:0]$128
    14/77: $6\crc8_next$func$rtl/frame_parser.v:63$12.next_crc[7:0]$124
    15/77: $5\crc8_next$func$rtl/frame_parser.v:63$12.next_crc[7:0]$120
    16/77: $4\crc8_next$func$rtl/frame_parser.v:63$12.next_crc[7:0]$116
    17/77: $12\crc8_next$func$rtl/frame_parser.v:57$11.next_crc[7:0]$111
    18/77: $11\crc8_next$func$rtl/frame_parser.v:57$11.next_crc[7:0]$107
    19/77: $10\crc8_next$func$rtl/frame_parser.v:57$11.next_crc[7:0]$103
    20/77: $9\crc8_next$func$rtl/frame_parser.v:57$11.next_crc[7:0]$99
    21/77: $8\crc8_next$func$rtl/frame_parser.v:57$11.next_crc[7:0]$95
    22/77: $7\crc8_next$func$rtl/frame_parser.v:57$11.next_crc[7:0]$91
    23/77: $6\crc8_next$func$rtl/frame_parser.v:57$11.next_crc[7:0]$87
    24/77: $5\crc8_next$func$rtl/frame_parser.v:57$11.next_crc[7:0]$83
    25/77: $4\crc8_next$func$rtl/frame_parser.v:57$11.$result[7:0]$78
    26/77: $4\crc8_next$func$rtl/frame_parser.v:57$11.bit_index[31:0]$81
    27/77: $4\crc8_next$func$rtl/frame_parser.v:57$11.next_crc[7:0]$80
    28/77: $4\crc8_next$func$rtl/frame_parser.v:57$11.data[7:0]$79
    29/77: $3\crc8_next$func$rtl/frame_parser.v:57$11.bit_index[31:0]$66
    30/77: $3\crc8_next$func$rtl/frame_parser.v:57$11.next_crc[7:0]$65
    31/77: $3\crc8_next$func$rtl/frame_parser.v:57$11.data[7:0]$64
    32/77: $3\crc8_next$func$rtl/frame_parser.v:57$11.$result[7:0]$63
    33/77: $3\crc8_next$func$rtl/frame_parser.v:68$13.bit_index[31:0]$76
    34/77: $3\crc8_next$func$rtl/frame_parser.v:68$13.next_crc[7:0]$75
    35/77: $3\crc8_next$func$rtl/frame_parser.v:68$13.data[7:0]$74
    36/77: $3\crc8_next$func$rtl/frame_parser.v:68$13.old_crc[7:0]$73
    37/77: $3\crc8_next$func$rtl/frame_parser.v:68$13.$result[7:0]$72
    38/77: $3\crc8_next$func$rtl/frame_parser.v:63$12.bit_index[31:0]$71
    39/77: $3\crc8_next$func$rtl/frame_parser.v:63$12.next_crc[7:0]$70
    40/77: $3\crc8_next$func$rtl/frame_parser.v:63$12.data[7:0]$69
    41/77: $3\crc8_next$func$rtl/frame_parser.v:63$12.old_crc[7:0]$68
    42/77: $3\crc8_next$func$rtl/frame_parser.v:63$12.$result[7:0]$67
    43/77: $2\crc8_next$func$rtl/frame_parser.v:68$13.bit_index[31:0]$62
    44/77: $2\crc8_next$func$rtl/frame_parser.v:68$13.next_crc[7:0]$61
    45/77: $2\crc8_next$func$rtl/frame_parser.v:68$13.data[7:0]$60
    46/77: $2\crc8_next$func$rtl/frame_parser.v:68$13.old_crc[7:0]$59
    47/77: $2\crc8_next$func$rtl/frame_parser.v:68$13.$result[7:0]$58
    48/77: $2\crc8_next$func$rtl/frame_parser.v:63$12.bit_index[31:0]$57
    49/77: $2\crc8_next$func$rtl/frame_parser.v:63$12.next_crc[7:0]$56
    50/77: $2\crc8_next$func$rtl/frame_parser.v:63$12.data[7:0]$55
    51/77: $2\crc8_next$func$rtl/frame_parser.v:63$12.old_crc[7:0]$54
    52/77: $2\crc8_next$func$rtl/frame_parser.v:63$12.$result[7:0]$53
    53/77: $2\crc8_next$func$rtl/frame_parser.v:57$11.bit_index[31:0]$52
    54/77: $2\crc8_next$func$rtl/frame_parser.v:57$11.next_crc[7:0]$51
    55/77: $2\crc8_next$func$rtl/frame_parser.v:57$11.data[7:0]$50
    56/77: $2\crc8_next$func$rtl/frame_parser.v:57$11.$result[7:0]$49
    57/77: $1\crc8_next$func$rtl/frame_parser.v:68$13.bit_index[31:0]$46
    58/77: $1\crc8_next$func$rtl/frame_parser.v:68$13.next_crc[7:0]$45
    59/77: $1\crc8_next$func$rtl/frame_parser.v:68$13.data[7:0]$44
    60/77: $1\crc8_next$func$rtl/frame_parser.v:68$13.old_crc[7:0]$43
    61/77: $1\crc8_next$func$rtl/frame_parser.v:68$13.$result[7:0]$42
    62/77: $1\crc8_next$func$rtl/frame_parser.v:63$12.bit_index[31:0]$41
    63/77: $1\crc8_next$func$rtl/frame_parser.v:63$12.next_crc[7:0]$40
    64/77: $1\crc8_next$func$rtl/frame_parser.v:63$12.data[7:0]$39
    65/77: $1\crc8_next$func$rtl/frame_parser.v:63$12.old_crc[7:0]$38
    66/77: $1\crc8_next$func$rtl/frame_parser.v:63$12.$result[7:0]$37
    67/77: $1\crc8_next$func$rtl/frame_parser.v:57$11.bit_index[31:0]$36
    68/77: $1\crc8_next$func$rtl/frame_parser.v:57$11.next_crc[7:0]$35
    69/77: $1\crc8_next$func$rtl/frame_parser.v:57$11.data[7:0]$34
    70/77: $1\crc8_next$func$rtl/frame_parser.v:57$11.$result[7:0]$33
    71/77: $0\frame_crc[7:0]
    72/77: $0\price_shift[31:0]
    73/77: $0\control_byte[7:0]
    74/77: $0\byte_index[2:0]
    75/77: $0\candidate_price[31:0]
    76/77: $0\candidate_side[0:0]
    77/77: $0\candidate_valid[0:0]
Creating decoders for process `\candidate_bbo.$proc$rtl/candidate_bbo.v:24$2'.
     1/7: $0\pending_valid[0:0]
     2/7: $0\pending_price[31:0]
     3/7: $0\pending_side[0:0]
     4/7: $0\best_ask[31:0]
     5/7: $0\ask_valid[0:0]
     6/7: $0\best_bid[31:0]
     7/7: $0\bid_valid[0:0]

6.3.8. Executing PROC_DLATCH pass (convert process syncs to latches).

6.3.9. Executing PROC_DFF pass (convert process syncs to FFs).
Creating register for signal `$paramod\uart_rx\CLKS_PER_BIT=s32'00000000000000000000000000010000.\byte_valid' using process `$paramod\uart_rx\CLKS_PER_BIT=s32'00000000000000000000000000010000.$proc$rtl/uart_rx.v:25$602'.
  created $dff cell `$procdff$1611' with positive edge clock.
Creating register for signal `$paramod\uart_rx\CLKS_PER_BIT=s32'00000000000000000000000000010000.\byte_data' using process `$paramod\uart_rx\CLKS_PER_BIT=s32'00000000000000000000000000010000.$proc$rtl/uart_rx.v:25$602'.
  created $dff cell `$procdff$1612' with positive edge clock.
Creating register for signal `$paramod\uart_rx\CLKS_PER_BIT=s32'00000000000000000000000000010000.\framing_error' using process `$paramod\uart_rx\CLKS_PER_BIT=s32'00000000000000000000000000010000.$proc$rtl/uart_rx.v:25$602'.
  created $dff cell `$procdff$1613' with positive edge clock.
Creating register for signal `$paramod\uart_rx\CLKS_PER_BIT=s32'00000000000000000000000000010000.\rx_meta' using process `$paramod\uart_rx\CLKS_PER_BIT=s32'00000000000000000000000000010000.$proc$rtl/uart_rx.v:25$602'.
  created $dff cell `$procdff$1614' with positive edge clock.
Creating register for signal `$paramod\uart_rx\CLKS_PER_BIT=s32'00000000000000000000000000010000.\rx_sync' using process `$paramod\uart_rx\CLKS_PER_BIT=s32'00000000000000000000000000010000.$proc$rtl/uart_rx.v:25$602'.
  created $dff cell `$procdff$1615' with positive edge clock.
Creating register for signal `$paramod\uart_rx\CLKS_PER_BIT=s32'00000000000000000000000000010000.\state' using process `$paramod\uart_rx\CLKS_PER_BIT=s32'00000000000000000000000000010000.$proc$rtl/uart_rx.v:25$602'.
  created $dff cell `$procdff$1616' with positive edge clock.
Creating register for signal `$paramod\uart_rx\CLKS_PER_BIT=s32'00000000000000000000000000010000.\clocks_left' using process `$paramod\uart_rx\CLKS_PER_BIT=s32'00000000000000000000000000010000.$proc$rtl/uart_rx.v:25$602'.
  created $dff cell `$procdff$1617' with positive edge clock.
Creating register for signal `$paramod\uart_rx\CLKS_PER_BIT=s32'00000000000000000000000000010000.\bit_index' using process `$paramod\uart_rx\CLKS_PER_BIT=s32'00000000000000000000000000010000.$proc$rtl/uart_rx.v:25$602'.
  created $dff cell `$procdff$1618' with positive edge clock.
Creating register for signal `$paramod\uart_rx\CLKS_PER_BIT=s32'00000000000000000000000000010000.\shift_data' using process `$paramod\uart_rx\CLKS_PER_BIT=s32'00000000000000000000000000010000.$proc$rtl/uart_rx.v:25$602'.
  created $dff cell `$procdff$1619' with positive edge clock.
Creating register for signal `$paramod\uart_rx\CLKS_PER_BIT=s32'00000000000000000000000000010000.$bitselwrite$pos$rtl/uart_rx.v:57$600' using process `$paramod\uart_rx\CLKS_PER_BIT=s32'00000000000000000000000000010000.$proc$rtl/uart_rx.v:25$602'.
  created $dff cell `$procdff$1620' with positive edge clock.
Creating register for signal `$paramod\uart_rx\CLKS_PER_BIT=s32'00000000000000000000000000010000.$lookahead\shift_data$601' using process `$paramod\uart_rx\CLKS_PER_BIT=s32'00000000000000000000000000010000.$proc$rtl/uart_rx.v:25$602'.
  created $dff cell `$procdff$1621' with positive edge clock.
Creating register for signal `\frame_parser.\candidate_valid' using process `\frame_parser.$proc$rtl/frame_parser.v:40$18'.
  created $dff cell `$procdff$1622' with positive edge clock.
Creating register for signal `\frame_parser.\candidate_side' using process `\frame_parser.$proc$rtl/frame_parser.v:40$18'.
  created $dff cell `$procdff$1623' with positive edge clock.
Creating register for signal `\frame_parser.\candidate_price' using process `\frame_parser.$proc$rtl/frame_parser.v:40$18'.
  created $dff cell `$procdff$1624' with positive edge clock.
Creating register for signal `\frame_parser.\byte_index' using process `\frame_parser.$proc$rtl/frame_parser.v:40$18'.
  created $dff cell `$procdff$1625' with positive edge clock.
Creating register for signal `\frame_parser.\control_byte' using process `\frame_parser.$proc$rtl/frame_parser.v:40$18'.
  created $dff cell `$procdff$1626' with positive edge clock.
Creating register for signal `\frame_parser.\price_shift' using process `\frame_parser.$proc$rtl/frame_parser.v:40$18'.
  created $dff cell `$procdff$1627' with positive edge clock.
Creating register for signal `\frame_parser.\frame_crc' using process `\frame_parser.$proc$rtl/frame_parser.v:40$18'.
  created $dff cell `$procdff$1628' with positive edge clock.
Creating register for signal `\frame_parser.\crc8_next$func$rtl/frame_parser.v:57$11.$result' using process `\frame_parser.$proc$rtl/frame_parser.v:40$18'.
  created $dff cell `$procdff$1629' with positive edge clock.
Creating register for signal `\frame_parser.\crc8_next$func$rtl/frame_parser.v:57$11.data' using process `\frame_parser.$proc$rtl/frame_parser.v:40$18'.
  created $dff cell `$procdff$1630' with positive edge clock.
Creating register for signal `\frame_parser.\crc8_next$func$rtl/frame_parser.v:57$11.next_crc' using process `\frame_parser.$proc$rtl/frame_parser.v:40$18'.
  created $dff cell `$procdff$1631' with positive edge clock.
Creating register for signal `\frame_parser.\crc8_next$func$rtl/frame_parser.v:57$11.bit_index' using process `\frame_parser.$proc$rtl/frame_parser.v:40$18'.
  created $dff cell `$procdff$1632' with positive edge clock.
Creating register for signal `\frame_parser.\crc8_next$func$rtl/frame_parser.v:63$12.$result' using process `\frame_parser.$proc$rtl/frame_parser.v:40$18'.
  created $dff cell `$procdff$1633' with positive edge clock.
Creating register for signal `\frame_parser.\crc8_next$func$rtl/frame_parser.v:63$12.old_crc' using process `\frame_parser.$proc$rtl/frame_parser.v:40$18'.
  created $dff cell `$procdff$1634' with positive edge clock.
Creating register for signal `\frame_parser.\crc8_next$func$rtl/frame_parser.v:63$12.data' using process `\frame_parser.$proc$rtl/frame_parser.v:40$18'.
  created $dff cell `$procdff$1635' with positive edge clock.
Creating register for signal `\frame_parser.\crc8_next$func$rtl/frame_parser.v:63$12.next_crc' using process `\frame_parser.$proc$rtl/frame_parser.v:40$18'.
  created $dff cell `$procdff$1636' with positive edge clock.
Creating register for signal `\frame_parser.\crc8_next$func$rtl/frame_parser.v:63$12.bit_index' using process `\frame_parser.$proc$rtl/frame_parser.v:40$18'.
  created $dff cell `$procdff$1637' with positive edge clock.
Creating register for signal `\frame_parser.\crc8_next$func$rtl/frame_parser.v:68$13.$result' using process `\frame_parser.$proc$rtl/frame_parser.v:40$18'.
  created $dff cell `$procdff$1638' with positive edge clock.
Creating register for signal `\frame_parser.\crc8_next$func$rtl/frame_parser.v:68$13.old_crc' using process `\frame_parser.$proc$rtl/frame_parser.v:40$18'.
  created $dff cell `$procdff$1639' with positive edge clock.
Creating register for signal `\frame_parser.\crc8_next$func$rtl/frame_parser.v:68$13.data' using process `\frame_parser.$proc$rtl/frame_parser.v:40$18'.
  created $dff cell `$procdff$1640' with positive edge clock.
Creating register for signal `\frame_parser.\crc8_next$func$rtl/frame_parser.v:68$13.next_crc' using process `\frame_parser.$proc$rtl/frame_parser.v:40$18'.
  created $dff cell `$procdff$1641' with positive edge clock.
Creating register for signal `\frame_parser.\crc8_next$func$rtl/frame_parser.v:68$13.bit_index' using process `\frame_parser.$proc$rtl/frame_parser.v:40$18'.
  created $dff cell `$procdff$1642' with positive edge clock.
Creating register for signal `\candidate_bbo.\bid_valid' using process `\candidate_bbo.$proc$rtl/candidate_bbo.v:24$2'.
  created $dff cell `$procdff$1643' with positive edge clock.
Creating register for signal `\candidate_bbo.\best_bid' using process `\candidate_bbo.$proc$rtl/candidate_bbo.v:24$2'.
  created $dff cell `$procdff$1644' with positive edge clock.
Creating register for signal `\candidate_bbo.\ask_valid' using process `\candidate_bbo.$proc$rtl/candidate_bbo.v:24$2'.
  created $dff cell `$procdff$1645' with positive edge clock.
Creating register for signal `\candidate_bbo.\best_ask' using process `\candidate_bbo.$proc$rtl/candidate_bbo.v:24$2'.
  created $dff cell `$procdff$1646' with positive edge clock.
Creating register for signal `\candidate_bbo.\pending_valid' using process `\candidate_bbo.$proc$rtl/candidate_bbo.v:24$2'.
  created $dff cell `$procdff$1647' with positive edge clock.
Creating register for signal `\candidate_bbo.\pending_side' using process `\candidate_bbo.$proc$rtl/candidate_bbo.v:24$2'.
  created $dff cell `$procdff$1648' with positive edge clock.
Creating register for signal `\candidate_bbo.\pending_price' using process `\candidate_bbo.$proc$rtl/candidate_bbo.v:24$2'.
  created $dff cell `$procdff$1649' with positive edge clock.

6.3.10. Executing PROC_MEMWR pass (convert process memory writes to cells).

6.3.11. Executing PROC_CLEAN pass (remove empty switches from decision trees).
Found and cleaned up 9 empty switches in `$paramod\uart_rx\CLKS_PER_BIT=s32'00000000000000000000000000010000.$proc$rtl/uart_rx.v:25$602'.
Removing empty process `$paramod\uart_rx\CLKS_PER_BIT=s32'00000000000000000000000000010000.$proc$rtl/uart_rx.v:25$602'.
Found and cleaned up 30 empty switches in `\frame_parser.$proc$rtl/frame_parser.v:40$18'.
Removing empty process `frame_parser.$proc$rtl/frame_parser.v:40$18'.
Found and cleaned up 6 empty switches in `\candidate_bbo.$proc$rtl/candidate_bbo.v:24$2'.
Removing empty process `candidate_bbo.$proc$rtl/candidate_bbo.v:24$2'.
Cleaned up 45 empty switches.

6.3.12. Executing OPT_EXPR pass (perform const folding).
Optimizing module timing_probe_top.
Optimizing module $paramod\uart_rx\CLKS_PER_BIT=s32'00000000000000000000000000010000.
<suppressed ~12 debug messages>
Optimizing module market_data_core.
Optimizing module frame_parser.
<suppressed ~91 debug messages>
Optimizing module candidate_bbo.
<suppressed ~4 debug messages>

6.4. Executing CHECK pass (checking for obvious problems).
Checking module timing_probe_top...
Checking module $paramod\uart_rx\CLKS_PER_BIT=s32'00000000000000000000000000010000...
Checking module market_data_core...
Checking module frame_parser...
Checking module candidate_bbo...
Found and reported 0 problems.

6.5. Executing FLATTEN pass (flatten design).
Deleting now unused module $paramod\uart_rx\CLKS_PER_BIT=s32'00000000000000000000000000010000.
Deleting now unused module market_data_core.
Deleting now unused module frame_parser.
Deleting now unused module candidate_bbo.
<suppressed ~4 debug messages>

6.6. Executing TRIBUF pass.

6.7. Executing DEMINOUT pass (demote inout ports to input or output).

6.8. Executing OPT_EXPR pass (perform const folding).
Optimizing module timing_probe_top.
<suppressed ~100 debug messages>

6.9. Executing CHECK pass (checking for obvious problems).
Checking module timing_probe_top...
Found and reported 0 problems.

6.10. Executing OPT_CLEAN pass (remove unused cells and wires).
Finding unused cells or wires in module \timing_probe_top..
Removed 175 unused cells and 596 unused wires.
<suppressed ~194 debug messages>

6.11. Executing OPT pass (performing simple optimizations).

6.11.1. Executing OPT_EXPR pass (perform const folding).
Optimizing module timing_probe_top.

6.11.2. Executing OPT_MERGE pass (detect identical cells).
Finding identical cells in module `\timing_probe_top'.
Computing hashes of 375 cells of `\timing_probe_top'.
Finding duplicate cells in `\timing_probe_top'.
Computing hashes of 295 cells of `\timing_probe_top'.
Finding duplicate cells in `\timing_probe_top'.
Computing hashes of 284 cells of `\timing_probe_top'.
Finding duplicate cells in `\timing_probe_top'.
<suppressed ~273 debug messages>
Removed a total of 91 cells.

6.11.3. Executing OPT_MUXTREE pass (detect dead branches in mux trees).
Running muxtree optimizer on module \timing_probe_top..
  Creating internal representation of mux trees.
  Evaluating internal representation of mux trees.
  Analyzing evaluation results.
    dead port 2/2 on $mux $flatten\core.\parser.$procmux$1005.
    dead port 2/2 on $mux $flatten\core.\parser.$procmux$1002.
    dead port 2/2 on $mux $flatten\core.\parser.$procmux$1000.
    dead port 2/2 on $mux $flatten\core.\parser.$procmux$998.
    dead port 2/2 on $mux $flatten\core.\parser.$procmux$784.
    dead port 2/2 on $mux $flatten\core.\parser.$procmux$781.
    dead port 2/2 on $mux $flatten\core.\parser.$procmux$779.
    dead port 2/2 on $mux $flatten\receiver.$procmux$632.
    dead port 2/2 on $mux $flatten\receiver.$procmux$635.
    dead port 2/2 on $mux $flatten\receiver.$procmux$652.
    dead port 2/2 on $mux $flatten\core.\parser.$procmux$889.
    dead port 2/2 on $mux $flatten\core.\parser.$procmux$886.
    dead port 2/2 on $mux $flatten\core.\parser.$procmux$884.
Removed 13 multiplexer ports.
<suppressed ~236 debug messages>

6.11.4. Executing OPT_REDUCE pass (consolidate $*mux and $reduce_* inputs).
  Optimizing cells in module \timing_probe_top.
    New ctrl vector for $pmux cell $flatten\receiver.$procmux$646: { $auto$opt_reduce.cc:137:opt_pmux$1703 $flatten\receiver.$procmux$633_CMP }
  Optimizing cells in module \timing_probe_top.
Performed a total of 1 changes.

6.11.5. Executing OPT_MERGE pass (detect identical cells).
Finding identical cells in module `\timing_probe_top'.
Computing hashes of 272 cells of `\timing_probe_top'.
Finding duplicate cells in `\timing_probe_top'.
Computing hashes of 271 cells of `\timing_probe_top'.
Finding duplicate cells in `\timing_probe_top'.
<suppressed ~3 debug messages>
Removed a total of 1 cells.

6.11.6. Executing OPT_DFF pass (perform DFF optimizations).

6.11.7. Executing OPT_CLEAN pass (remove unused cells and wires).
Finding unused cells or wires in module \timing_probe_top..
Removed 0 unused cells and 76 unused wires.
<suppressed ~1 debug messages>

6.11.8. Executing OPT_EXPR pass (perform const folding).
Optimizing module timing_probe_top.

6.11.9. Rerunning OPT passes. (Maybe there is more to do..)

6.11.10. Executing OPT_MUXTREE pass (detect dead branches in mux trees).
Running muxtree optimizer on module \timing_probe_top..
  Creating internal representation of mux trees.
  Evaluating internal representation of mux trees.
  Analyzing evaluation results.
Removed 0 multiplexer ports.
<suppressed ~225 debug messages>

6.11.11. Executing OPT_REDUCE pass (consolidate $*mux and $reduce_* inputs).
  Optimizing cells in module \timing_probe_top.
Performed a total of 0 changes.

6.11.12. Executing OPT_MERGE pass (detect identical cells).
Finding identical cells in module `\timing_probe_top'.
Computing hashes of 271 cells of `\timing_probe_top'.
Finding duplicate cells in `\timing_probe_top'.
Removed a total of 0 cells.

6.11.13. Executing OPT_DFF pass (perform DFF optimizations).

6.11.14. Executing OPT_CLEAN pass (remove unused cells and wires).
Finding unused cells or wires in module \timing_probe_top..

6.11.15. Executing OPT_EXPR pass (perform const folding).
Optimizing module timing_probe_top.

6.11.16. Finished fast OPT passes. (There is nothing left to do.)

6.12. Executing FSM pass (extract and optimize FSM).

6.12.1. Executing FSM_DETECT pass (finding FSMs in design).
Found FSM state register timing_probe_top.receiver.state.

6.12.2. Executing FSM_EXTRACT pass (extracting FSM from design).
Extracting FSM `\receiver.state' from module `\timing_probe_top'.
  found $dff cell for state register: $flatten\receiver.$procdff$1616
  root of input selection tree: $flatten\receiver.$0\state[1:0]
  found reset state: 2'00 (guessed from mux tree)
  found ctrl input: \reset_n
  found state code: 2'00
  found ctrl input: $flatten\receiver.$procmux$647_CMP
  found ctrl input: $flatten\receiver.$procmux$633_CMP
  found ctrl input: $flatten\receiver.$procmux$649_CMP
  found ctrl input: $flatten\receiver.$procmux$650_CMP
  found ctrl input: $flatten\receiver.$eq$rtl/uart_rx.v:47$610_Y
  found ctrl input: $flatten\receiver.$eq$rtl/uart_rx.v:59$623_Y
  found state code: 2'11
  found ctrl input: \receiver.rx_sync
  found state code: 2'10
  found state code: 2'01
  found ctrl output: $flatten\receiver.$procmux$650_CMP
  found ctrl output: $flatten\receiver.$procmux$649_CMP
  found ctrl output: $flatten\receiver.$procmux$647_CMP
  found ctrl output: $flatten\receiver.$procmux$633_CMP
  ctrl inputs: { \receiver.rx_sync $flatten\receiver.$eq$rtl/uart_rx.v:47$610_Y $flatten\receiver.$eq$rtl/uart_rx.v:59$623_Y \reset_n }
  ctrl outputs: { $flatten\receiver.$0\state[1:0] $flatten\receiver.$procmux$633_CMP $flatten\receiver.$procmux$647_CMP $flatten\receiver.$procmux$649_CMP $flatten\receiver.$procmux$650_CMP }
  transition:       2'00 4'---0 ->       2'00 6'000001
  transition:       2'00 4'0--1 ->       2'01 6'010001
  transition:       2'00 4'1--1 ->       2'00 6'000001
  transition:       2'10 4'---0 ->       2'00 6'001000
  transition:       2'10 4'-0-1 ->       2'10 6'101000
  transition:       2'10 4'-101 ->       2'10 6'101000
  transition:       2'10 4'-111 ->       2'11 6'111000
  transition:       2'01 4'---0 ->       2'00 6'000010
  transition:       2'01 4'-0-1 ->       2'01 6'010010
  transition:       2'01 4'01-1 ->       2'10 6'100010
  transition:       2'01 4'11-1 ->       2'00 6'000010
  transition:       2'11 4'---0 ->       2'00 6'000100
  transition:       2'11 4'-0-1 ->       2'11 6'110100
  transition:       2'11 4'-1-1 ->       2'00 6'000100

6.12.3. Executing FSM_OPT pass (simple optimizations of FSMs).
Optimizing FSM `$fsm$\receiver.state$1704' from module `\timing_probe_top'.

6.12.4. Executing OPT_CLEAN pass (remove unused cells and wires).
Finding unused cells or wires in module \timing_probe_top..
Removed 13 unused cells and 13 unused wires.
<suppressed ~14 debug messages>

6.12.5. Executing FSM_OPT pass (simple optimizations of FSMs).
Optimizing FSM `$fsm$\receiver.state$1704' from module `\timing_probe_top'.
  Removing unused output signal $flatten\receiver.$0\state[1:0] [0].
  Removing unused output signal $flatten\receiver.$0\state[1:0] [1].

6.12.6. Executing FSM_RECODE pass (re-assigning FSM state encoding).
Recoding FSM `$fsm$\receiver.state$1704' from module `\timing_probe_top' using `auto' encoding:
  mapping auto encoding to `one-hot` for this FSM.
  00 -> ---1
  10 -> --1-
  01 -> -1--
  11 -> 1---

6.12.7. Executing FSM_INFO pass (dumping all available information on FSM cells).

FSM `$fsm$\receiver.state$1704' from module `timing_probe_top':
-------------------------------------

  Information on FSM $fsm$\receiver.state$1704 (\receiver.state):

  Number of input signals:    4
  Number of output signals:   4
  Number of state bits:       4

  Input signals:
    0: \reset_n
    1: $flatten\receiver.$eq$rtl/uart_rx.v:59$623_Y
    2: $flatten\receiver.$eq$rtl/uart_rx.v:47$610_Y
    3: \receiver.rx_sync

  Output signals:
    0: $flatten\receiver.$procmux$650_CMP
    1: $flatten\receiver.$procmux$649_CMP
    2: $flatten\receiver.$procmux$647_CMP
    3: $flatten\receiver.$procmux$633_CMP

  State encoding:
    0:     4'---1  <RESET STATE>
    1:     4'--1-
    2:     4'-1--
    3:     4'1---

  Transition Table (state_in, ctrl_in, state_out, ctrl_out):
      0:     0 4'---0   ->     0 4'0001
      1:     0 4'1--1   ->     0 4'0001
      2:     0 4'0--1   ->     2 4'0001
      3:     1 4'---0   ->     0 4'1000
      4:     1 4'-101   ->     1 4'1000
      5:     1 4'-0-1   ->     1 4'1000
      6:     1 4'-111   ->     3 4'1000
      7:     2 4'---0   ->     0 4'0010
      8:     2 4'11-1   ->     0 4'0010
      9:     2 4'01-1   ->     1 4'0010
     10:     2 4'-0-1   ->     2 4'0010
     11:     3 4'---0   ->     0 4'0100
     12:     3 4'-1-1   ->     0 4'0100
     13:     3 4'-0-1   ->     3 4'0100

-------------------------------------

6.12.8. Executing FSM_MAP pass (mapping FSMs to basic logic).
Mapping FSM `$fsm$\receiver.state$1704' from module `\timing_probe_top'.

6.13. Executing OPT pass (performing simple optimizations).

6.13.1. Executing OPT_EXPR pass (perform const folding).
Optimizing module timing_probe_top.
<suppressed ~1 debug messages>

6.13.2. Executing OPT_MERGE pass (detect identical cells).
Finding identical cells in module `\timing_probe_top'.
Computing hashes of 284 cells of `\timing_probe_top'.
Finding duplicate cells in `\timing_probe_top'.
Computing hashes of 282 cells of `\timing_probe_top'.
Finding duplicate cells in `\timing_probe_top'.
<suppressed ~6 debug messages>
Removed a total of 2 cells.

6.13.3. Executing OPT_MUXTREE pass (detect dead branches in mux trees).
Running muxtree optimizer on module \timing_probe_top..
  Creating internal representation of mux trees.
  Evaluating internal representation of mux trees.
  Analyzing evaluation results.
Removed 0 multiplexer ports.
<suppressed ~216 debug messages>

6.13.4. Executing OPT_REDUCE pass (consolidate $*mux and $reduce_* inputs).
  Optimizing cells in module \timing_probe_top.
Performed a total of 0 changes.

6.13.5. Executing OPT_MERGE pass (detect identical cells).
Finding identical cells in module `\timing_probe_top'.
Computing hashes of 282 cells of `\timing_probe_top'.
Finding duplicate cells in `\timing_probe_top'.
Removed a total of 0 cells.

6.13.6. Executing OPT_DFF pass (perform DFF optimizations).
Adding SRST signal on $flatten\receiver.$procdff$1619 ($dff) from module timing_probe_top (D = $flatten\receiver.$2$lookahead\shift_data$601[7:0]$608, Q = \receiver.shift_data, rval = 8'00000000).
Adding EN signal on $auto$ff.cc:337:slice$1760 ($sdff) from module timing_probe_top (D = $flatten\receiver.$2$lookahead\shift_data$601[7:0]$608, Q = \receiver.shift_data).
Adding SRST signal on $flatten\receiver.$procdff$1618 ($dff) from module timing_probe_top (D = $flatten\receiver.$procmux$703_Y, Q = \receiver.bit_index, rval = 3'000).
Adding EN signal on $auto$ff.cc:337:slice$1768 ($sdff) from module timing_probe_top (D = $flatten\receiver.$procmux$703_Y, Q = \receiver.bit_index).
Adding SRST signal on $flatten\receiver.$procdff$1617 ($dff) from module timing_probe_top (D = $flatten\receiver.$procmux$718_Y, Q = \receiver.clocks_left, rval = 8'00000000).
Adding EN signal on $auto$ff.cc:337:slice$1782 ($sdff) from module timing_probe_top (D = $flatten\receiver.$procmux$718_Y, Q = \receiver.clocks_left).
Adding SRST signal on $flatten\receiver.$procdff$1615 ($dff) from module timing_probe_top (D = \receiver.rx_meta, Q = \receiver.rx_sync, rval = 1'1).
Adding SRST signal on $flatten\receiver.$procdff$1614 ($dff) from module timing_probe_top (D = \uart_rx_pin, Q = \receiver.rx_meta, rval = 1'1).
Adding SRST signal on $flatten\receiver.$procdff$1612 ($dff) from module timing_probe_top (D = $flatten\receiver.$procmux$768_Y, Q = \receiver.byte_data, rval = 8'00000000).
Adding EN signal on $auto$ff.cc:337:slice$1796 ($sdff) from module timing_probe_top (D = \receiver.shift_data, Q = \receiver.byte_data).
Adding SRST signal on $flatten\receiver.$procdff$1611 ($dff) from module timing_probe_top (D = $flatten\receiver.$procmux$675_Y, Q = \receiver.byte_valid, rval = 1'0).
Adding SRST signal on $flatten\core.\bbo.$procdff$1643 ($dff) from module timing_probe_top (D = $flatten\core.\bbo.$procmux$1606_Y, Q = \core.bbo.bid_valid, rval = 1'0).
Adding EN signal on $auto$ff.cc:337:slice$1803 ($sdff) from module timing_probe_top (D = 1'1, Q = \core.bbo.bid_valid).
Adding SRST signal on $flatten\core.\bbo.$procdff$1644 ($dff) from module timing_probe_top (D = $flatten\core.\bbo.$procmux$1596_Y, Q = \core.bbo.best_bid, rval = 0).
Adding EN signal on $auto$ff.cc:337:slice$1809 ($sdff) from module timing_probe_top (D = \core.bbo.pending_price, Q = \core.bbo.best_bid).
Adding SRST signal on $flatten\core.\bbo.$procdff$1645 ($dff) from module timing_probe_top (D = $flatten\core.\bbo.$procmux$1586_Y, Q = \core.bbo.ask_valid, rval = 1'0).
Adding EN signal on $auto$ff.cc:337:slice$1815 ($sdff) from module timing_probe_top (D = 1'1, Q = \core.bbo.ask_valid).
Adding SRST signal on $flatten\core.\bbo.$procdff$1646 ($dff) from module timing_probe_top (D = $flatten\core.\bbo.$procmux$1576_Y, Q = \core.bbo.best_ask, rval = 0).
Adding EN signal on $auto$ff.cc:337:slice$1819 ($sdff) from module timing_probe_top (D = \core.bbo.pending_price, Q = \core.bbo.best_ask).
Adding SRST signal on $flatten\core.\bbo.$procdff$1647 ($dff) from module timing_probe_top (D = \core.parser.candidate_valid, Q = \core.bbo.pending_valid, rval = 1'0).
Adding SRST signal on $flatten\core.\bbo.$procdff$1648 ($dff) from module timing_probe_top (D = $flatten\core.\bbo.$procmux$1566_Y, Q = \core.bbo.pending_side, rval = 1'0).
Adding EN signal on $auto$ff.cc:337:slice$1824 ($sdff) from module timing_probe_top (D = \core.parser.candidate_side, Q = \core.bbo.pending_side).
Adding SRST signal on $flatten\core.\bbo.$procdff$1649 ($dff) from module timing_probe_top (D = $flatten\core.\bbo.$procmux$1561_Y, Q = \core.bbo.pending_price, rval = 0).
Adding EN signal on $auto$ff.cc:337:slice$1826 ($sdff) from module timing_probe_top (D = \core.parser.candidate_price, Q = \core.bbo.pending_price).
Adding SRST signal on $flatten\core.\parser.$procdff$1628 ($dff) from module timing_probe_top (D = $flatten\core.\parser.$procmux$1482_Y, Q = \core.parser.frame_crc, rval = 8'00000000).
Adding EN signal on $auto$ff.cc:337:slice$1828 ($sdff) from module timing_probe_top (D = $flatten\core.\parser.$procmux$1475_Y, Q = \core.parser.frame_crc).
Adding SRST signal on $flatten\core.\parser.$procdff$1627 ($dff) from module timing_probe_top (D = $flatten\core.\parser.$procmux$1492_Y, Q = \core.parser.price_shift, rval = 0).
Adding EN signal on $auto$ff.cc:337:slice$1836 ($sdff) from module timing_probe_top (D = { \core.parser.price_shift [23:0] \receiver.byte_data }, Q = \core.parser.price_shift).
Adding SRST signal on $flatten\core.\parser.$procdff$1626 ($dff) from module timing_probe_top (D = $flatten\core.\parser.$procmux$1503_Y, Q = \core.parser.control_byte, rval = 8'00000000).
Adding EN signal on $auto$ff.cc:337:slice$1840 ($sdff) from module timing_probe_top (D = \receiver.byte_data, Q = \core.parser.control_byte).
Adding SRST signal on $flatten\core.\parser.$procdff$1625 ($dff) from module timing_probe_top (D = $flatten\core.\parser.$procmux$1518_Y, Q = \core.parser.byte_index, rval = 3'000).
Adding EN signal on $auto$ff.cc:337:slice$1844 ($sdff) from module timing_probe_top (D = $flatten\core.\parser.$procmux$1511_Y, Q = \core.parser.byte_index).
Adding SRST signal on $flatten\core.\parser.$procdff$1624 ($dff) from module timing_probe_top (D = $flatten\core.\parser.$procmux$1529_Y, Q = \core.parser.candidate_price, rval = 0).
Adding EN signal on $auto$ff.cc:337:slice$1850 ($sdff) from module timing_probe_top (D = \core.parser.price_shift, Q = \core.parser.candidate_price).
Adding SRST signal on $flatten\core.\parser.$procdff$1623 ($dff) from module timing_probe_top (D = $flatten\core.\parser.$procmux$1540_Y, Q = \core.parser.candidate_side, rval = 1'0).
Adding EN signal on $auto$ff.cc:337:slice$1854 ($sdff) from module timing_probe_top (D = \core.parser.control_byte [0], Q = \core.parser.candidate_side).
Adding SRST signal on $flatten\core.\parser.$procdff$1622 ($dff) from module timing_probe_top (D = $flatten\core.\parser.$procmux$1553_Y, Q = \core.parser.candidate_valid, rval = 1'0).

6.13.7. Executing OPT_CLEAN pass (remove unused cells and wires).
Finding unused cells or wires in module \timing_probe_top..
Removed 52 unused cells and 61 unused wires.
<suppressed ~53 debug messages>

6.13.8. Executing OPT_EXPR pass (perform const folding).
Optimizing module timing_probe_top.
<suppressed ~4 debug messages>

6.13.9. Rerunning OPT passes. (Maybe there is more to do..)

6.13.10. Executing OPT_MUXTREE pass (detect dead branches in mux trees).
Running muxtree optimizer on module \timing_probe_top..
  Creating internal representation of mux trees.
  Evaluating internal representation of mux trees.
  Analyzing evaluation results.
Removed 0 multiplexer ports.
<suppressed ~150 debug messages>

6.13.11. Executing OPT_REDUCE pass (consolidate $*mux and $reduce_* inputs).
  Optimizing cells in module \timing_probe_top.
    New ctrl vector for $pmux cell $flatten\receiver.$procmux$646: \receiver.state [1]
  Optimizing cells in module \timing_probe_top.
Performed a total of 1 changes.

6.13.12. Executing OPT_MERGE pass (detect identical cells).
Finding identical cells in module `\timing_probe_top'.
Computing hashes of 261 cells of `\timing_probe_top'.
Finding duplicate cells in `\timing_probe_top'.
Computing hashes of 256 cells of `\timing_probe_top'.
Finding duplicate cells in `\timing_probe_top'.
Computing hashes of 255 cells of `\timing_probe_top'.
Finding duplicate cells in `\timing_probe_top'.
<suppressed ~18 debug messages>
Removed a total of 6 cells.

6.13.13. Executing OPT_DFF pass (perform DFF optimizations).

6.13.14. Executing OPT_CLEAN pass (remove unused cells and wires).
Finding unused cells or wires in module \timing_probe_top..
Removed 0 unused cells and 6 unused wires.
<suppressed ~1 debug messages>

6.13.15. Executing OPT_EXPR pass (perform const folding).
Optimizing module timing_probe_top.

6.13.16. Rerunning OPT passes. (Maybe there is more to do..)

6.13.17. Executing OPT_MUXTREE pass (detect dead branches in mux trees).
Running muxtree optimizer on module \timing_probe_top..
  Creating internal representation of mux trees.
  Evaluating internal representation of mux trees.
  Analyzing evaluation results.
Removed 0 multiplexer ports.
<suppressed ~150 debug messages>

6.13.18. Executing OPT_REDUCE pass (consolidate $*mux and $reduce_* inputs).
  Optimizing cells in module \timing_probe_top.
Performed a total of 0 changes.

6.13.19. Executing OPT_MERGE pass (detect identical cells).
Finding identical cells in module `\timing_probe_top'.
Computing hashes of 255 cells of `\timing_probe_top'.
Finding duplicate cells in `\timing_probe_top'.
Removed a total of 0 cells.

6.13.20. Executing OPT_DFF pass (perform DFF optimizations).

6.13.21. Executing OPT_CLEAN pass (remove unused cells and wires).
Finding unused cells or wires in module \timing_probe_top..

6.13.22. Executing OPT_EXPR pass (perform const folding).
Optimizing module timing_probe_top.

6.13.23. Finished fast OPT passes. (There is nothing left to do.)

6.14. Executing WREDUCE pass (reducing word size of cells).
Removed top 1 bits (of 2) from port B of cell timing_probe_top.$auto$fsm_map.cc:77:implement_pattern_cache$1756 ($eq).
Removed top 1 bits (of 2) from port B of cell timing_probe_top.$auto$fsm_map.cc:77:implement_pattern_cache$1747 ($eq).
Removed top 1 bits (of 3) from port B of cell timing_probe_top.$auto$fsm_map.cc:77:implement_pattern_cache$1738 ($eq).
Removed top 2 bits (of 3) from port B of cell timing_probe_top.$flatten\receiver.$add$rtl/uart_rx.v:62$624 ($add).
Converting cell timing_probe_top.$flatten\receiver.$neg$rtl/uart_rx.v:57$616 ($neg) from signed to unsigned.
Removed top 1 bits (of 4) from port A of cell timing_probe_top.$flatten\receiver.$neg$rtl/uart_rx.v:57$616 ($neg).
Removed top 7 bits (of 8) from port B of cell timing_probe_top.$flatten\receiver.$sub$rtl/uart_rx.v:55$612 ($sub).
Removed top 2 bits (of 3) from port B of cell timing_probe_top.$flatten\core.\parser.$add$rtl/frame_parser.v:69$181 ($add).
Removed top 3 bits (of 8) from port B of cell timing_probe_top.$flatten\core.\parser.$eq$rtl/frame_parser.v:74$183 ($eq).
Removed top 3 bits (of 8) from port B of cell timing_probe_top.$flatten\core.\parser.$eq$rtl/frame_parser.v:74$184 ($eq).
Removed top 5 bits (of 8) from mux cell timing_probe_top.$flatten\core.\parser.$procmux$777 ($mux).
Removed top 5 bits (of 8) from mux cell timing_probe_top.$flatten\core.\parser.$procmux$790 ($mux).
Removed top 5 bits (of 8) from mux cell timing_probe_top.$flatten\core.\parser.$procmux$803 ($mux).
Removed top 5 bits (of 8) from mux cell timing_probe_top.$flatten\core.\parser.$procmux$816 ($mux).
Removed top 5 bits (of 8) from mux cell timing_probe_top.$flatten\core.\parser.$procmux$829 ($mux).
Removed top 5 bits (of 8) from mux cell timing_probe_top.$flatten\core.\parser.$procmux$842 ($mux).
Removed top 5 bits (of 8) from mux cell timing_probe_top.$flatten\core.\parser.$procmux$855 ($mux).
Removed top 1 bits (of 3) from port B of cell timing_probe_top.$flatten\core.\parser.$procmux$871_CMP0 ($eq).
Removed top 1 bits (of 3) from port B of cell timing_probe_top.$flatten\core.\parser.$procmux$871_CMP1 ($eq).
Removed top 5 bits (of 8) from mux cell timing_probe_top.$flatten\core.\parser.$procmux$882 ($mux).
Removed top 5 bits (of 8) from mux cell timing_probe_top.$flatten\core.\parser.$procmux$896 ($mux).
Removed top 5 bits (of 8) from mux cell timing_probe_top.$flatten\core.\parser.$procmux$910 ($mux).
Removed top 5 bits (of 8) from mux cell timing_probe_top.$flatten\core.\parser.$procmux$924 ($mux).
Removed top 5 bits (of 8) from mux cell timing_probe_top.$flatten\core.\parser.$procmux$938 ($mux).
Removed top 5 bits (of 8) from mux cell timing_probe_top.$flatten\core.\parser.$procmux$952 ($mux).
Removed top 5 bits (of 8) from mux cell timing_probe_top.$flatten\core.\parser.$procmux$966 ($mux).
Removed top 5 bits (of 8) from mux cell timing_probe_top.$flatten\core.\parser.$procmux$980 ($mux).
Removed top 2 bits (of 3) from port B of cell timing_probe_top.$flatten\core.\parser.$procmux$983_CMP0 ($eq).
Removed top 5 bits (of 8) from mux cell timing_probe_top.$flatten\core.\parser.$procmux$996 ($mux).
Removed top 5 bits (of 8) from mux cell timing_probe_top.$flatten\core.\parser.$procmux$1014 ($mux).
Removed top 5 bits (of 8) from mux cell timing_probe_top.$flatten\core.\parser.$procmux$1032 ($mux).
Removed top 5 bits (of 8) from mux cell timing_probe_top.$flatten\core.\parser.$procmux$1050 ($mux).
Removed top 5 bits (of 8) from mux cell timing_probe_top.$flatten\core.\parser.$procmux$1068 ($mux).
Removed top 5 bits (of 8) from mux cell timing_probe_top.$flatten\core.\parser.$procmux$1086 ($mux).
Removed top 5 bits (of 8) from mux cell timing_probe_top.$flatten\core.\parser.$procmux$1104 ($mux).
Removed top 5 bits (of 8) from mux cell timing_probe_top.$flatten\core.\parser.$procmux$1122 ($mux).

6.15. Executing PEEPOPT pass (run peephole optimizers).

6.16. Executing OPT_CLEAN pass (remove unused cells and wires).
Finding unused cells or wires in module \timing_probe_top..

6.17. Executing SHARE pass (SAT-based resource sharing).

6.18. Executing TECHMAP pass (map to technology primitives).

6.18.1. Executing Verilog-2005 frontend: C:\Users\jacob\AppData\Local\icebbo-toolchain\oss-cad-suite\bin\../share/yosys/cmp2lut.v
Parsing Verilog input from `C:\Users\jacob\AppData\Local\icebbo-toolchain\oss-cad-suite\bin\../share/yosys/cmp2lut.v' to AST representation.
Generating RTLIL representation for module `\_90_lut_cmp_'.
Successfully finished Verilog frontend.

6.18.2. Continuing TECHMAP pass.
No more expansions possible.
<suppressed ~59 debug messages>

6.19. Executing OPT_EXPR pass (perform const folding).
Optimizing module timing_probe_top.

6.20. Executing OPT_CLEAN pass (remove unused cells and wires).
Finding unused cells or wires in module \timing_probe_top..

6.21. Executing ALUMACC pass (create $alu and $macc cells).
Extracting $alu and $macc cells in module timing_probe_top:
  creating $macc model for $flatten\core.\parser.$add$rtl/frame_parser.v:69$181 ($add).
  creating $macc model for $flatten\receiver.$sub$rtl/uart_rx.v:55$612 ($sub).
  creating $macc model for $flatten\receiver.$neg$rtl/uart_rx.v:57$616 ($neg).
  creating $macc model for $flatten\receiver.$add$rtl/uart_rx.v:62$624 ($add).
  creating $alu model for $macc $flatten\receiver.$add$rtl/uart_rx.v:62$624.
  creating $alu model for $macc $flatten\receiver.$neg$rtl/uart_rx.v:57$616.
  creating $alu model for $macc $flatten\receiver.$sub$rtl/uart_rx.v:55$612.
  creating $alu model for $macc $flatten\core.\parser.$add$rtl/frame_parser.v:69$181.
  creating $alu model for $flatten\core.\bbo.$lt$rtl/candidate_bbo.v:46$8 ($lt): new $alu
  creating $alu model for $flatten\core.\bbo.$gt$rtl/candidate_bbo.v:42$5 ($gt): new $alu
  creating $alu cell for $flatten\core.\bbo.$gt$rtl/candidate_bbo.v:42$5: $auto$alumacc.cc:576:replace_alu$1862
  creating $alu cell for $flatten\core.\bbo.$lt$rtl/candidate_bbo.v:46$8: $auto$alumacc.cc:576:replace_alu$1873
  creating $alu cell for $flatten\core.\parser.$add$rtl/frame_parser.v:69$181: $auto$alumacc.cc:576:replace_alu$1878
  creating $alu cell for $flatten\receiver.$sub$rtl/uart_rx.v:55$612: $auto$alumacc.cc:576:replace_alu$1881
  creating $alu cell for $flatten\receiver.$neg$rtl/uart_rx.v:57$616: $auto$alumacc.cc:576:replace_alu$1884
  creating $alu cell for $flatten\receiver.$add$rtl/uart_rx.v:62$624: $auto$alumacc.cc:576:replace_alu$1887
  created 6 $alu and 0 $macc cells.

6.22. Executing OPT pass (performing simple optimizations).

6.22.1. Executing OPT_EXPR pass (perform const folding).
Optimizing module timing_probe_top.

6.22.2. Executing OPT_MERGE pass (detect identical cells).
Finding identical cells in module `\timing_probe_top'.
Computing hashes of 260 cells of `\timing_probe_top'.
Finding duplicate cells in `\timing_probe_top'.
Removed a total of 0 cells.

6.22.3. Executing OPT_MUXTREE pass (detect dead branches in mux trees).
Running muxtree optimizer on module \timing_probe_top..
  Creating internal representation of mux trees.
  Evaluating internal representation of mux trees.
  Analyzing evaluation results.
Removed 0 multiplexer ports.
<suppressed ~150 debug messages>

6.22.4. Executing OPT_REDUCE pass (consolidate $*mux and $reduce_* inputs).
  Optimizing cells in module \timing_probe_top.
Performed a total of 0 changes.

6.22.5. Executing OPT_MERGE pass (detect identical cells).
Finding identical cells in module `\timing_probe_top'.
Computing hashes of 260 cells of `\timing_probe_top'.
Finding duplicate cells in `\timing_probe_top'.
Removed a total of 0 cells.

6.22.6. Executing OPT_DFF pass (perform DFF optimizations).

6.22.7. Executing OPT_CLEAN pass (remove unused cells and wires).
Finding unused cells or wires in module \timing_probe_top..
Removed 0 unused cells and 2 unused wires.
<suppressed ~1 debug messages>

6.22.8. Executing OPT_EXPR pass (perform const folding).
Optimizing module timing_probe_top.

6.22.9. Rerunning OPT passes. (Maybe there is more to do..)

6.22.10. Executing OPT_MUXTREE pass (detect dead branches in mux trees).
Running muxtree optimizer on module \timing_probe_top..
  Creating internal representation of mux trees.
  Evaluating internal representation of mux trees.
  Analyzing evaluation results.
Removed 0 multiplexer ports.
<suppressed ~150 debug messages>

6.22.11. Executing OPT_REDUCE pass (consolidate $*mux and $reduce_* inputs).
  Optimizing cells in module \timing_probe_top.
Performed a total of 0 changes.

6.22.12. Executing OPT_MERGE pass (detect identical cells).
Finding identical cells in module `\timing_probe_top'.
Computing hashes of 260 cells of `\timing_probe_top'.
Finding duplicate cells in `\timing_probe_top'.
Removed a total of 0 cells.

6.22.13. Executing OPT_DFF pass (perform DFF optimizations).

6.22.14. Executing OPT_CLEAN pass (remove unused cells and wires).
Finding unused cells or wires in module \timing_probe_top..

6.22.15. Executing OPT_EXPR pass (perform const folding).
Optimizing module timing_probe_top.

6.22.16. Finished fast OPT passes. (There is nothing left to do.)

6.23. Executing MEMORY pass.

6.23.1. Executing OPT_MEM pass (optimize memories).
Performed a total of 0 transformations.

6.23.2. Executing OPT_MEM_PRIORITY pass (removing unnecessary memory write priority relations).
Performed a total of 0 transformations.

6.23.3. Executing OPT_MEM_FEEDBACK pass (finding memory read-to-write feedback paths).

6.23.4. Executing MEMORY_BMUX2ROM pass (converting muxes to ROMs).

6.23.5. Executing MEMORY_DFF pass (merging $dff cells to $memrd).

6.23.6. Executing OPT_CLEAN pass (remove unused cells and wires).
Finding unused cells or wires in module \timing_probe_top..

6.23.7. Executing MEMORY_SHARE pass (consolidating $memrd/$memwr cells).

6.23.8. Executing OPT_MEM_WIDEN pass (optimize memories where all ports are wide).
Performed a total of 0 transformations.

6.23.9. Executing OPT_CLEAN pass (remove unused cells and wires).
Finding unused cells or wires in module \timing_probe_top..

6.23.10. Executing MEMORY_COLLECT pass (generating $mem cells).

6.24. Executing OPT_CLEAN pass (remove unused cells and wires).
Finding unused cells or wires in module \timing_probe_top..

6.25. Executing MEMORY_LIBMAP pass (mapping memories to cells).

6.26. Executing TECHMAP pass (map to technology primitives).

6.26.1. Executing Verilog-2005 frontend: C:\Users\jacob\AppData\Local\icebbo-toolchain\oss-cad-suite\bin\../share/yosys/ice40/brams_map.v
Parsing Verilog input from `C:\Users\jacob\AppData\Local\icebbo-toolchain\oss-cad-suite\bin\../share/yosys/ice40/brams_map.v' to AST representation.
Generating RTLIL representation for module `$__ICE40_RAM4K_'.
Successfully finished Verilog frontend.

6.26.2. Executing Verilog-2005 frontend: C:\Users\jacob\AppData\Local\icebbo-toolchain\oss-cad-suite\bin\../share/yosys/ice40/spram_map.v
Parsing Verilog input from `C:\Users\jacob\AppData\Local\icebbo-toolchain\oss-cad-suite\bin\../share/yosys/ice40/spram_map.v' to AST representation.
Generating RTLIL representation for module `$__ICE40_SPRAM_'.
Successfully finished Verilog frontend.

6.26.3. Continuing TECHMAP pass.
No more expansions possible.
<suppressed ~4 debug messages>

6.27. Executing ICE40_BRAMINIT pass.

6.28. Executing OPT pass (performing simple optimizations).

6.28.1. Executing OPT_EXPR pass (perform const folding).
Optimizing module timing_probe_top.
<suppressed ~223 debug messages>

6.28.2. Executing OPT_MERGE pass (detect identical cells).
Finding identical cells in module `\timing_probe_top'.
Computing hashes of 178 cells of `\timing_probe_top'.
Finding duplicate cells in `\timing_probe_top'.
Computing hashes of 176 cells of `\timing_probe_top'.
Finding duplicate cells in `\timing_probe_top'.
Computing hashes of 175 cells of `\timing_probe_top'.
Finding duplicate cells in `\timing_probe_top'.
Computing hashes of 174 cells of `\timing_probe_top'.
Finding duplicate cells in `\timing_probe_top'.
Computing hashes of 173 cells of `\timing_probe_top'.
Finding duplicate cells in `\timing_probe_top'.
Computing hashes of 172 cells of `\timing_probe_top'.
Finding duplicate cells in `\timing_probe_top'.
Computing hashes of 171 cells of `\timing_probe_top'.
Finding duplicate cells in `\timing_probe_top'.
Computing hashes of 170 cells of `\timing_probe_top'.
Finding duplicate cells in `\timing_probe_top'.
Computing hashes of 169 cells of `\timing_probe_top'.
Finding duplicate cells in `\timing_probe_top'.
Computing hashes of 168 cells of `\timing_probe_top'.
Finding duplicate cells in `\timing_probe_top'.
Computing hashes of 167 cells of `\timing_probe_top'.
Finding duplicate cells in `\timing_probe_top'.
Computing hashes of 166 cells of `\timing_probe_top'.
Finding duplicate cells in `\timing_probe_top'.
Computing hashes of 165 cells of `\timing_probe_top'.
Finding duplicate cells in `\timing_probe_top'.
Computing hashes of 164 cells of `\timing_probe_top'.
Finding duplicate cells in `\timing_probe_top'.
Computing hashes of 163 cells of `\timing_probe_top'.
Finding duplicate cells in `\timing_probe_top'.
<suppressed ~45 debug messages>
Removed a total of 15 cells.

6.28.3. Executing OPT_DFF pass (perform DFF optimizations).

6.28.4. Executing OPT_CLEAN pass (remove unused cells and wires).
Finding unused cells or wires in module \timing_probe_top..
Removed 0 unused cells and 143 unused wires.
<suppressed ~1 debug messages>

6.28.5. Finished fast OPT passes.

6.29. Executing MEMORY_MAP pass (converting memories to logic and flip-flops).

6.30. Executing OPT pass (performing simple optimizations).

6.30.1. Executing OPT_EXPR pass (perform const folding).
Optimizing module timing_probe_top.

6.30.2. Executing OPT_MERGE pass (detect identical cells).
Finding identical cells in module `\timing_probe_top'.
Computing hashes of 163 cells of `\timing_probe_top'.
Finding duplicate cells in `\timing_probe_top'.
Removed a total of 0 cells.

6.30.3. Executing OPT_MUXTREE pass (detect dead branches in mux trees).
Running muxtree optimizer on module \timing_probe_top..
  Creating internal representation of mux trees.
  Evaluating internal representation of mux trees.
  Analyzing evaluation results.
Removed 0 multiplexer ports.
<suppressed ~54 debug messages>

6.30.4. Executing OPT_REDUCE pass (consolidate $*mux and $reduce_* inputs).
  Optimizing cells in module \timing_probe_top.
    New ctrl vector for $pmux cell $flatten\core.\parser.$procmux$1475: $auto$opt_reduce.cc:137:opt_pmux$2003
    New ctrl vector for $pmux cell $flatten\receiver.$procmux$718: { \receiver.state [3] $auto$opt_reduce.cc:137:opt_pmux$2005 }
    New input vector for $reduce_or cell $auto$opt_reduce.cc:131:opt_pmux$2002: { $flatten\core.\parser.$procmux$1477_CMP $flatten\core.\parser.$procmux$1476_CMP }
  Optimizing cells in module \timing_probe_top.
Performed a total of 3 changes.

6.30.5. Executing OPT_MERGE pass (detect identical cells).
Finding identical cells in module `\timing_probe_top'.
Computing hashes of 165 cells of `\timing_probe_top'.
Finding duplicate cells in `\timing_probe_top'.
Removed a total of 0 cells.

6.30.6. Executing OPT_DFF pass (perform DFF optimizations).

6.30.7. Executing OPT_CLEAN pass (remove unused cells and wires).
Finding unused cells or wires in module \timing_probe_top..

6.30.8. Executing OPT_EXPR pass (perform const folding).
Optimizing module timing_probe_top.

6.30.9. Rerunning OPT passes. (Maybe there is more to do..)

6.30.10. Executing OPT_MUXTREE pass (detect dead branches in mux trees).
Running muxtree optimizer on module \timing_probe_top..
  Creating internal representation of mux trees.
  Evaluating internal representation of mux trees.
  Analyzing evaluation results.
Removed 0 multiplexer ports.
<suppressed ~48 debug messages>

6.30.11. Executing OPT_REDUCE pass (consolidate $*mux and $reduce_* inputs).
  Optimizing cells in module \timing_probe_top.
Performed a total of 0 changes.

6.30.12. Executing OPT_MERGE pass (detect identical cells).
Finding identical cells in module `\timing_probe_top'.
Computing hashes of 165 cells of `\timing_probe_top'.
Finding duplicate cells in `\timing_probe_top'.
Removed a total of 0 cells.

6.30.13. Executing OPT_DFF pass (perform DFF optimizations).

6.30.14. Executing OPT_CLEAN pass (remove unused cells and wires).
Finding unused cells or wires in module \timing_probe_top..

6.30.15. Executing OPT_EXPR pass (perform const folding).
Optimizing module timing_probe_top.

6.30.16. Finished fast OPT passes. (There is nothing left to do.)

6.31. Executing ICE40_WRAPCARRY pass (wrap carries).

6.32. Executing TECHMAP pass (map to technology primitives).

6.32.1. Executing Verilog-2005 frontend: C:\Users\jacob\AppData\Local\icebbo-toolchain\oss-cad-suite\bin\../share/yosys/techmap.v
Parsing Verilog input from `C:\Users\jacob\AppData\Local\icebbo-toolchain\oss-cad-suite\bin\../share/yosys/techmap.v' to AST representation.
Generating RTLIL representation for module `\_90_simplemap_bool_ops'.
Generating RTLIL representation for module `\_90_simplemap_reduce_ops'.
Generating RTLIL representation for module `\_90_simplemap_logic_ops'.
Generating RTLIL representation for module `\_90_simplemap_compare_ops'.
Generating RTLIL representation for module `\_90_simplemap_various'.
Generating RTLIL representation for module `\_90_simplemap_registers'.
Generating RTLIL representation for module `\_90_shift_ops_shr_shl_sshl_sshr'.
Generating RTLIL representation for module `\_90_shift_shiftx'.
Generating RTLIL representation for module `\_90_fa'.
Generating RTLIL representation for module `\_90_lcu_brent_kung'.
Generating RTLIL representation for module `\_90_alu'.
Generating RTLIL representation for module `\_90_macc'.
Generating RTLIL representation for module `\_90_alumacc'.
Generating RTLIL representation for module `$__div_mod_u'.
Generating RTLIL representation for module `$__div_mod_trunc'.
Generating RTLIL representation for module `\_90_div'.
Generating RTLIL representation for module `\_90_mod'.
Generating RTLIL representation for module `$__div_mod_floor'.
Generating RTLIL representation for module `\_90_divfloor'.
Generating RTLIL representation for module `\_90_modfloor'.
Generating RTLIL representation for module `\_90_pow'.
Generating RTLIL representation for module `\_90_demux'.
Generating RTLIL representation for module `\_90_lut'.
Generating RTLIL representation for module `$connect'.
Generating RTLIL representation for module `$input_port'.
Successfully finished Verilog frontend.

6.32.2. Executing Verilog-2005 frontend: C:\Users\jacob\AppData\Local\icebbo-toolchain\oss-cad-suite\bin\../share/yosys/ice40/arith_map.v
Parsing Verilog input from `C:\Users\jacob\AppData\Local\icebbo-toolchain\oss-cad-suite\bin\../share/yosys/ice40/arith_map.v' to AST representation.
Generating RTLIL representation for module `\_80_ice40_alu'.
Successfully finished Verilog frontend.

6.32.3. Continuing TECHMAP pass.
Using extmapper simplemap for cells of type $reduce_or.
Using extmapper simplemap for cells of type $not.
Using template $paramod$3ef7d3dd227da7627a99c5e5a6a4deb817573e39\_80_ice40_alu for cells of type $alu.
Using template $paramod$025d767fc934a3e7d59a671de523743ebaa07759\_80_ice40_alu for cells of type $alu.
Using template $paramod$403a3c2fa431a154c52a6a5429d7a6260b5d144f\_80_ice40_alu for cells of type $alu.
Using template $paramod$fbc7873bff55778c0b3173955b7e4bce1d9d6834\_80_ice40_alu for cells of type $alu.
Using extmapper simplemap for cells of type $or.
Using extmapper simplemap for cells of type $reduce_and.
Using extmapper simplemap for cells of type $sdff.
Using extmapper simplemap for cells of type $sdffe.
Using extmapper simplemap for cells of type $reduce_bool.
Using extmapper simplemap for cells of type $ne.
Using extmapper simplemap for cells of type $and.
Using extmapper simplemap for cells of type $eq.
Using extmapper simplemap for cells of type $dff.
Using extmapper simplemap for cells of type $xor.
Using extmapper simplemap for cells of type $reduce_xor.
Using extmapper simplemap for cells of type $mux.
Using extmapper simplemap for cells of type $pmux.
Using template $paramod$constmap:ed202111594f0a1b622ac8dc4bd7c990ea27025c$paramod$40ccfd5a7f1418017a9af25543d0c43a198b5946\_90_shift_shiftx for cells of type $shift.
Analyzing pattern of constant bits for this cell:
  Constant input on bit 0 of port A: 1'1
Creating constmapped module `$paramod$constmap:aaa79bdfe7451deca7ae697c0784fd1c184bd8f2$paramod$40ccfd5a7f1418017a9af25543d0c43a198b5946\_90_shift_shiftx'.

6.32.17. Executing OPT_MUXTREE pass (detect dead branches in mux trees).
Running muxtree optimizer on module $paramod$constmap:aaa79bdfe7451deca7ae697c0784fd1c184bd8f2$paramod$40ccfd5a7f1418017a9af25543d0c43a198b5946\_90_shift_shiftx..
  Creating internal representation of mux trees.
  Evaluating internal representation of mux trees.
  Analyzing evaluation results.
    dead port 2/2 on $mux $procmux$2796.
    dead port 2/2 on $mux $procmux$2802.
    dead port 2/2 on $mux $procmux$2808.
Removed 3 multiplexer ports.
<suppressed ~449 debug messages>

6.32.18. Executing OPT_EXPR pass (perform const folding).
Optimizing module $paramod$constmap:aaa79bdfe7451deca7ae697c0784fd1c184bd8f2$paramod$40ccfd5a7f1418017a9af25543d0c43a198b5946\_90_shift_shiftx.
<suppressed ~2 debug messages>
Removed 0 unused cells and 9 unused wires.
Using template $paramod$constmap:aaa79bdfe7451deca7ae697c0784fd1c184bd8f2$paramod$40ccfd5a7f1418017a9af25543d0c43a198b5946\_90_shift_shiftx for cells of type $shift.
Using extmapper simplemap for cells of type $logic_not.
Using extmapper simplemap for cells of type $logic_or.
Using extmapper simplemap for cells of type $logic_and.
Using extmapper simplemap for cells of type $pos.
No more expansions possible.
<suppressed ~86 debug messages>

6.33. Executing OPT pass (performing simple optimizations).

6.33.1. Executing OPT_EXPR pass (perform const folding).
Optimizing module timing_probe_top.
<suppressed ~327 debug messages>

6.33.2. Executing OPT_MERGE pass (detect identical cells).
Finding identical cells in module `\timing_probe_top'.
Computing hashes of 960 cells of `\timing_probe_top'.
Finding duplicate cells in `\timing_probe_top'.
Computing hashes of 909 cells of `\timing_probe_top'.
Finding duplicate cells in `\timing_probe_top'.
Computing hashes of 903 cells of `\timing_probe_top'.
Finding duplicate cells in `\timing_probe_top'.
Computing hashes of 901 cells of `\timing_probe_top'.
Finding duplicate cells in `\timing_probe_top'.
<suppressed ~177 debug messages>
Removed a total of 59 cells.

6.33.3. Executing OPT_DFF pass (perform DFF optimizations).

6.33.4. Executing OPT_CLEAN pass (remove unused cells and wires).
Finding unused cells or wires in module \timing_probe_top..
Removed 41 unused cells and 252 unused wires.
<suppressed ~42 debug messages>

6.33.5. Finished fast OPT passes.

6.34. Executing ICE40_OPT pass (performing simple optimizations).

6.34.1. Running ICE40 specific optimizations.
Optimized $__ICE40_CARRY_WRAPPER cell back to logic (without SB_CARRY) timing_probe_top.$auto$alumacc.cc:576:replace_alu$1878.slice[0].carry: CO=\core.parser.byte_index [0]
Optimized $__ICE40_CARRY_WRAPPER cell back to logic (without SB_CARRY) timing_probe_top.$auto$alumacc.cc:576:replace_alu$1881.slice[0].carry: CO=\receiver.clocks_left [0]
Optimized $__ICE40_CARRY_WRAPPER cell back to logic (without SB_CARRY) timing_probe_top.$auto$alumacc.cc:576:replace_alu$1884.slice[0].carry: CO=$auto$alumacc.cc:576:replace_alu$1884.BB [0]
Optimized $__ICE40_CARRY_WRAPPER cell back to logic (without SB_CARRY) timing_probe_top.$auto$alumacc.cc:576:replace_alu$1884.slice[3].carry: CO=$auto$alumacc.cc:576:replace_alu$1884.C [3]
Optimized $__ICE40_CARRY_WRAPPER cell back to logic (without SB_CARRY) timing_probe_top.$auto$alumacc.cc:576:replace_alu$1887.slice[0].carry: CO=\receiver.bit_index [0]

6.34.2. Executing OPT_EXPR pass (perform const folding).
Optimizing module timing_probe_top.

6.34.3. Executing OPT_MERGE pass (detect identical cells).
Finding identical cells in module `\timing_probe_top'.
Computing hashes of 860 cells of `\timing_probe_top'.
Finding duplicate cells in `\timing_probe_top'.
Removed a total of 0 cells.

6.34.4. Executing OPT_DFF pass (perform DFF optimizations).

6.34.5. Executing OPT_CLEAN pass (remove unused cells and wires).
Finding unused cells or wires in module \timing_probe_top..
Removed 0 unused cells and 1 unused wires.
<suppressed ~1 debug messages>

6.34.6. Rerunning OPT passes. (Removed registers in this run.)

6.34.7. Running ICE40 specific optimizations.

6.34.8. Executing OPT_EXPR pass (perform const folding).
Optimizing module timing_probe_top.

6.34.9. Executing OPT_MERGE pass (detect identical cells).
Finding identical cells in module `\timing_probe_top'.
Computing hashes of 860 cells of `\timing_probe_top'.
Finding duplicate cells in `\timing_probe_top'.
Removed a total of 0 cells.

6.34.10. Executing OPT_DFF pass (perform DFF optimizations).

6.34.11. Executing OPT_CLEAN pass (remove unused cells and wires).
Finding unused cells or wires in module \timing_probe_top..

6.34.12. Finished OPT passes. (There is nothing left to do.)

6.35. Executing DFFLEGALIZE pass (convert FFs and LATCHes to types supported by the target).

6.36. Executing TECHMAP pass (map to technology primitives).

6.36.1. Executing Verilog-2005 frontend: C:\Users\jacob\AppData\Local\icebbo-toolchain\oss-cad-suite\bin\../share/yosys/ice40/ff_map.v
Parsing Verilog input from `C:\Users\jacob\AppData\Local\icebbo-toolchain\oss-cad-suite\bin\../share/yosys/ice40/ff_map.v' to AST representation.
Generating RTLIL representation for module `$_DFF_N_'.
Generating RTLIL representation for module `$_DFF_P_'.
Generating RTLIL representation for module `$_DFFE_NP_'.
Generating RTLIL representation for module `$_DFFE_PP_'.
Generating RTLIL representation for module `$_DFF_NP0_'.
Generating RTLIL representation for module `$_DFF_NP1_'.
Generating RTLIL representation for module `$_DFF_PP0_'.
Generating RTLIL representation for module `$_DFF_PP1_'.
Generating RTLIL representation for module `$_DFFE_NP0P_'.
Generating RTLIL representation for module `$_DFFE_NP1P_'.
Generating RTLIL representation for module `$_DFFE_PP0P_'.
Generating RTLIL representation for module `$_DFFE_PP1P_'.
Generating RTLIL representation for module `$_SDFF_NP0_'.
Generating RTLIL representation for module `$_SDFF_NP1_'.
Generating RTLIL representation for module `$_SDFF_PP0_'.
Generating RTLIL representation for module `$_SDFF_PP1_'.
Generating RTLIL representation for module `$_SDFFCE_NP0P_'.
Generating RTLIL representation for module `$_SDFFCE_NP1P_'.
Generating RTLIL representation for module `$_SDFFCE_PP0P_'.
Generating RTLIL representation for module `$_SDFFCE_PP1P_'.
Successfully finished Verilog frontend.

6.36.2. Continuing TECHMAP pass.
Using template $_DFF_P_ for cells of type $_DFF_P_.
Using template $_SDFFCE_PP0P_ for cells of type $_SDFFCE_PP0P_.
Using template $_SDFF_PP1_ for cells of type $_SDFF_PP1_.
Using template $_SDFF_PP0_ for cells of type $_SDFF_PP0_.
No more expansions possible.
<suppressed ~241 debug messages>

6.37. Executing OPT_EXPR pass (perform const folding).
Optimizing module timing_probe_top.

6.38. Executing SIMPLEMAP pass (map simple cells to gate primitives).
Mapping timing_probe_top.$auto$alumacc.cc:576:replace_alu$1878.slice[0].carry ($lut).
Mapping timing_probe_top.$auto$alumacc.cc:576:replace_alu$1881.slice[0].carry ($lut).
Mapping timing_probe_top.$auto$alumacc.cc:576:replace_alu$1884.slice[0].carry ($lut).
Mapping timing_probe_top.$auto$alumacc.cc:576:replace_alu$1884.slice[3].carry ($lut).
Mapping timing_probe_top.$auto$alumacc.cc:576:replace_alu$1887.slice[0].carry ($lut).

6.39. Executing ICE40_OPT pass (performing simple optimizations).

6.39.1. Running ICE40 specific optimizations.

6.39.2. Executing OPT_EXPR pass (perform const folding).
Optimizing module timing_probe_top.
<suppressed ~105 debug messages>

6.39.3. Executing OPT_MERGE pass (detect identical cells).
Finding identical cells in module `\timing_probe_top'.
Computing hashes of 1285 cells of `\timing_probe_top'.
Finding duplicate cells in `\timing_probe_top'.
Computing hashes of 869 cells of `\timing_probe_top'.
Finding duplicate cells in `\timing_probe_top'.
<suppressed ~1248 debug messages>
Removed a total of 416 cells.

6.39.4. Executing OPT_DFF pass (perform DFF optimizations).

6.39.5. Executing OPT_CLEAN pass (remove unused cells and wires).
Finding unused cells or wires in module \timing_probe_top..
Removed 0 unused cells and 1734 unused wires.
<suppressed ~1 debug messages>

6.39.6. Rerunning OPT passes. (Removed registers in this run.)

6.39.7. Running ICE40 specific optimizations.

6.39.8. Executing OPT_EXPR pass (perform const folding).
Optimizing module timing_probe_top.

6.39.9. Executing OPT_MERGE pass (detect identical cells).
Finding identical cells in module `\timing_probe_top'.
Computing hashes of 869 cells of `\timing_probe_top'.
Finding duplicate cells in `\timing_probe_top'.
Removed a total of 0 cells.

6.39.10. Executing OPT_DFF pass (perform DFF optimizations).

6.39.11. Executing OPT_CLEAN pass (remove unused cells and wires).
Finding unused cells or wires in module \timing_probe_top..

6.39.12. Finished OPT passes. (There is nothing left to do.)

6.40. Executing CHECK pass (checking for obvious problems).
Checking module timing_probe_top...
Found and reported 0 problems.

6.41. Executing TECHMAP pass (map to technology primitives).

6.41.1. Executing Verilog-2005 frontend: C:\Users\jacob\AppData\Local\icebbo-toolchain\oss-cad-suite\bin\../share/yosys/ice40/latches_map.v
Parsing Verilog input from `C:\Users\jacob\AppData\Local\icebbo-toolchain\oss-cad-suite\bin\../share/yosys/ice40/latches_map.v' to AST representation.
Generating RTLIL representation for module `$_DLATCH_N_'.
Generating RTLIL representation for module `$_DLATCH_P_'.
Successfully finished Verilog frontend.

6.41.2. Continuing TECHMAP pass.
No more expansions possible.
<suppressed ~4 debug messages>

6.42. Executing SIMPLEMAP pass (map simple cells to gate primitives).

6.43. Executing TECHMAP pass (map to technology primitives).

6.43.1. Executing Verilog-2005 frontend: C:\Users\jacob\AppData\Local\icebbo-toolchain\oss-cad-suite\bin\../share/yosys/gate2lut.v
Parsing Verilog input from `C:\Users\jacob\AppData\Local\icebbo-toolchain\oss-cad-suite\bin\../share/yosys/gate2lut.v' to AST representation.
Generating RTLIL representation for module `\_90_lut_not'.
Generating RTLIL representation for module `\_90_lut_or'.
Generating RTLIL representation for module `\_90_lut_and'.
Generating RTLIL representation for module `\_90_lut_xor'.
Generating RTLIL representation for module `\_90_lut_mux'.
Successfully finished Verilog frontend.

6.43.2. Continuing TECHMAP pass.
Using template _90_lut_not for cells of type $_NOT_.
Using template _90_lut_or for cells of type $_OR_.
Using template _90_lut_and for cells of type $_AND_.
Using template _90_lut_mux for cells of type $_MUX_.
Using template _90_lut_xor for cells of type $_XOR_.
No more expansions possible.
<suppressed ~564 debug messages>

6.44. Executing ICE40_WRAPCARRY pass (wrap carries).

6.45. Executing TECHMAP pass (map to technology primitives).

6.45.1. Executing Verilog-2005 frontend: C:\Users\jacob\AppData\Local\icebbo-toolchain\oss-cad-suite\bin\../share/yosys/ice40/ff_map.v
Parsing Verilog input from `C:\Users\jacob\AppData\Local\icebbo-toolchain\oss-cad-suite\bin\../share/yosys/ice40/ff_map.v' to AST representation.
Generating RTLIL representation for module `$_DFF_N_'.
Generating RTLIL representation for module `$_DFF_P_'.
Generating RTLIL representation for module `$_DFFE_NP_'.
Generating RTLIL representation for module `$_DFFE_PP_'.
Generating RTLIL representation for module `$_DFF_NP0_'.
Generating RTLIL representation for module `$_DFF_NP1_'.
Generating RTLIL representation for module `$_DFF_PP0_'.
Generating RTLIL representation for module `$_DFF_PP1_'.
Generating RTLIL representation for module `$_DFFE_NP0P_'.
Generating RTLIL representation for module `$_DFFE_NP1P_'.
Generating RTLIL representation for module `$_DFFE_PP0P_'.
Generating RTLIL representation for module `$_DFFE_PP1P_'.
Generating RTLIL representation for module `$_SDFF_NP0_'.
Generating RTLIL representation for module `$_SDFF_NP1_'.
Generating RTLIL representation for module `$_SDFF_PP0_'.
Generating RTLIL representation for module `$_SDFF_PP1_'.
Generating RTLIL representation for module `$_SDFFCE_NP0P_'.
Generating RTLIL representation for module `$_SDFFCE_NP1P_'.
Generating RTLIL representation for module `$_SDFFCE_PP0P_'.
Generating RTLIL representation for module `$_SDFFCE_PP1P_'.
Successfully finished Verilog frontend.

6.45.2. Continuing TECHMAP pass.
No more expansions possible.
<suppressed ~22 debug messages>
Removed 67 unused cells and 2120 unused wires.

6.46. Executing OPT_LUT pass (optimize LUTs).
Discovering LUTs.
Number of LUTs:      570
  1-LUT              150
  2-LUT              368
  3-LUT               52
  with \SB_CARRY    (#0)   10
  with \SB_CARRY    (#1)    9

Eliminating LUTs.
Number of LUTs:      570
  1-LUT              150
  2-LUT              368
  3-LUT               52
  with \SB_CARRY    (#0)   10
  with \SB_CARRY    (#1)    9

Combining LUTs.
Number of LUTs:      303
  1-LUT               82
  2-LUT              100
  3-LUT               41
  4-LUT               80
  with \SB_CARRY    (#0)   10
  with \SB_CARRY    (#1)    9

Eliminated 0 LUTs.
Combined 267 LUTs.
<suppressed ~6272 debug messages>

6.47. Executing TECHMAP pass (map to technology primitives).

6.47.1. Executing Verilog-2005 frontend: C:\Users\jacob\AppData\Local\icebbo-toolchain\oss-cad-suite\bin\../share/yosys/ice40/cells_map.v
Parsing Verilog input from `C:\Users\jacob\AppData\Local\icebbo-toolchain\oss-cad-suite\bin\../share/yosys/ice40/cells_map.v' to AST representation.
Generating RTLIL representation for module `$lut'.
Successfully finished Verilog frontend.

6.47.2. Continuing TECHMAP pass.
Using template $paramod$990f0fb2b3d003f8b16e47a6e2203c03f05c2581$lut for cells of type $lut.
Using template $paramod$lut\WIDTH=s32'00000000000000000000000000000100\LUT=4'0001 for cells of type $lut.
Using template $paramod$fd904e9e35cfd343a9df248824bd3f1408724879$lut for cells of type $lut.
Using template $paramod$lut\WIDTH=s32'00000000000000000000000000000100\LUT=4'1110 for cells of type $lut.
Using template $paramod$164a540533edbb7f1cb23dfdcb511f551216d7e2$lut for cells of type $lut.
Using template $paramod$c95d57ebd8ee30bf06dbf63a77913c9bf2bdff41$lut for cells of type $lut.
Using template $paramod$995ba512a447d27709010e6e3906195ddd4dff0a$lut for cells of type $lut.
Using template $paramod$97f21fc6caedb01e3e413e66042b2fa0473d00e4$lut for cells of type $lut.
Using template $paramod$263a40855bb77428060edb394588da72807397e4$lut for cells of type $lut.
Using template $paramod$lut\WIDTH=s32'00000000000000000000000000000100\LUT=4'0110 for cells of type $lut.
Using template $paramod$7125b224d5920c893c2dd3de98a266451c2ebe7d$lut for cells of type $lut.
Using template $paramod$cc7dce79a6c034945d914e06bca08a33e61e3cfc$lut for cells of type $lut.
Using template $paramod$a27aca669dc3b55d0aaa63be96e9797567adebbb$lut for cells of type $lut.
Using template $paramod$ef7f1e65df746b0baa248bc34b422614333608b7$lut for cells of type $lut.
Using template $paramod$5161372e00af1962eff6027bd82fb42ca69df210$lut for cells of type $lut.
Using template $paramod$4518d24fec38775f282096f22ad6cfb50f51384f$lut for cells of type $lut.
Using template $paramod$42253ec393aa297b297af920a318aa999ce61565$lut for cells of type $lut.
Using template $paramod$lut\WIDTH=s32'00000000000000000000000000000100\LUT=4'1000 for cells of type $lut.
Using template $paramod$82c0b13701acdc886aede9c55a2dc36d21ba97a1$lut for cells of type $lut.
Using template $paramod$aff766d51bfd6300c845683283a4e6e3ffed8b12$lut for cells of type $lut.
Using template $paramod$86e4ac392b89fc0cba75f5d7a03d15d56a120fdd$lut for cells of type $lut.
Using template $paramod$c6877fb5524c621574f0e24d9171263cfb0df847$lut for cells of type $lut.
Using template $paramod$5754787260a6d9371bd532954fc01a3012794551$lut for cells of type $lut.
Using template $paramod$e34c2988e28b1cae41bf083e81154c7a75b39b74$lut for cells of type $lut.
Using template $paramod$f12f5c320f33b032a5d8e9643b181e1c187aab62$lut for cells of type $lut.
Using template $paramod$05bb6b467fb98a0bc5f2fcdc10c19875585f6f2b$lut for cells of type $lut.
Using template $paramod$842e3bff9351c53f94ce844ed59f99571af8f760$lut for cells of type $lut.
Using template $paramod$14672a0c0bf57d504a958d6cd17a29203ebe7ad1$lut for cells of type $lut.
Using template $paramod$59ffe52bab897387925001b1e3f9a4683865bc3e$lut for cells of type $lut.
Using template $paramod$84ab56f4afb2ccb2fa99d6ee8f74b2ab7c2a8a78$lut for cells of type $lut.
Using template $paramod$f0e242f93bdcf05fab8dc769c34695f5c243e9b3$lut for cells of type $lut.
Using template $paramod$41ad54b63163af18e7ffa46027eccc23b5642535$lut for cells of type $lut.
Using template $paramod$8f06d07a127ff875b1d9e8832a30e7d85de2e681$lut for cells of type $lut.
Using template $paramod$e1e0860bc66b0ec3f1528c4ebf1eebcd83d23576$lut for cells of type $lut.
Using template $paramod$5adc0744972d412a87bad377fc9b6173013074e5$lut for cells of type $lut.
Using template $paramod$c8fcbaa5860be63f8be085e8ae7f9642343d30c4$lut for cells of type $lut.
Using template $paramod$lut\WIDTH=s32'00000000000000000000000000000100\LUT=8'11001010 for cells of type $lut.
Using template $paramod$d7400f7334cb3e95550095d6bcfde2aee3584437$lut for cells of type $lut.
Using template $paramod$1698bb7350a5ea3a06024e84bfe74a9a89c07fad$lut for cells of type $lut.
Using template $paramod$f8b78edebe141757c98ca451eef5028046e48d02$lut for cells of type $lut.
Using template $paramod$29492e4b689210ff3fe11e9e43fbf1d64bce115d$lut for cells of type $lut.
Using template $paramod$798f606011c1c1442dc7058f5433df9035b858f1$lut for cells of type $lut.
Using template $paramod$232cd143fb8ee978429d9396cf42aa20b42044f2$lut for cells of type $lut.
Using template $paramod$c5958aabd1a2504690f4c0eeb86a06507108d1ff$lut for cells of type $lut.
Using template $paramod$470ddfb1c5680da4c49be99a97834f2abc70b8c7$lut for cells of type $lut.
Using template $paramod$4259f4830b9ae6cb52fec94fff7e4527c92ce19a$lut for cells of type $lut.
Using template $paramod$43a9defe325bedb5d7b4a5c85b14ac23f58ef346$lut for cells of type $lut.
Using template $paramod$a8e6df6a5fd67f9332baa9f73dc6aab00a9ffbfb$lut for cells of type $lut.
Using template $paramod$1b019fb2691c89746677f175fc508aec5b1beaab$lut for cells of type $lut.
Using template $paramod$d1753b1145dd81674b772b6c0e41c88ea50cbbbc$lut for cells of type $lut.
Using template $paramod$56acb97b954e82c0e8c183ded93d25b3672702a7$lut for cells of type $lut.
Using template $paramod$e5efe4afb0114ec63dc68f101f6a9ea36c7c4f34$lut for cells of type $lut.
Using template $paramod$d5704f4493d38b8f4e498edb8e1fdbc20dfc8125$lut for cells of type $lut.
No more expansions possible.
<suppressed ~889 debug messages>
Removed 0 unused cells and 779 unused wires.

6.48. Executing AUTONAME pass.
Renamed 735 objects in module timing_probe_top.
<suppressed ~735 debug messages>

6.49. Executing HIERARCHY pass (managing design hierarchy).
Attribute `top' found on module `timing_probe_top'. Setting top module to timing_probe_top.

6.49.1. Analyzing design hierarchy..
Top module:  \timing_probe_top

6.49.2. Analyzing design hierarchy..
Top module:  \timing_probe_top
Removed 0 unused modules.

6.50. Printing statistics.

=== timing_probe_top ===

        +----------Local Count, excluding submodules.
        | 
      181 wires
     1101 wire bits
      181 public wires
     1101 public wire bits
        4 ports
        4 port bits
       16 cells
       12   $_ORNOT_
        4   $scopeinfo
      596 submodules
       74   SB_CARRY
        4   SB_DFF
      210   SB_DFFESR
        3   SB_DFFSR
        2   SB_DFFSS
      303   SB_LUT4

=== design hierarchy ===

        +----------Count including submodules.
        | 
       16 timing_probe_top

        +----------Count including submodules.
        | 
      181 wires
     1101 wire bits
      181 public wires
     1101 public wire bits
        4 ports
        4 port bits
        - memories
        - memory bits
        - processes
       16 cells
       12   $_ORNOT_
        4   $scopeinfo
      596 submodules
       74   SB_CARRY
        4   SB_DFF
      210   SB_DFFESR
        3   SB_DFFSR
        2   SB_DFFSS
      303   SB_LUT4

6.51. Executing CHECK pass (checking for obvious problems).
Checking module timing_probe_top...
Found and reported 0 problems.

7. Executing TECHMAP pass (map to technology primitives).

7.1. Executing Verilog-2005 frontend: fpga/map_ornot.v
Parsing Verilog input from `fpga/map_ornot.v' to AST representation.
Generating RTLIL representation for module `\map_ornot'.
Successfully finished Verilog frontend.

7.2. Continuing TECHMAP pass.
Using template map_ornot for cells of type $_ORNOT_.
No more expansions possible.
<suppressed ~15 debug messages>

8. Executing JSON backend.

9. Printing statistics.

=== timing_probe_top ===

        +----------Local Count, excluding submodules.
        | 
      217 wires
     1137 wire bits
      217 public wires
     1137 public wire bits
        4 ports
        4 port bits
      612 cells
        4   $scopeinfo
       74   SB_CARRY
        4   SB_DFF
      210   SB_DFFESR
        3   SB_DFFSR
        2   SB_DFFSS
      315   SB_LUT4

